<!DOCTYPE html><html><head><meta http-equiv=Content-Type content="text/html; charset=utf-8"></head><body><a id="mentioned-section">&nbsp;</a><p>Mentioned Section root</p>
<footer><style></style></footer></body></html>