<!DOCTYPE html><html><head><meta http-equiv=Content-Type content="text/html; charset=utf-8"></head><body><a id="emoji">&nbsp;</a><h2 id="emoji">Emoji</h2>
<p>This page contains all the details from the emoji cheat sheet.</p>
<h3 id="sources">Sources</h3>
<p>As described on the Microsoft Docs, basic Emoji is here.
<a href="https://docs.microsoft.com/azure/devops/project/wiki/markdown-guidance?view=azure-devops#emoji">https://docs.microsoft.com/azure/devops/project/wiki/markdown-guidance?view=azure-devops#emoji</a></p>
<h3 id="full-set-of-emoji">Full set of Emoji</h3>
<p>The following list is copied from <a href="https://www.webfx.com/tools/emoji-cheat-sheet/">https://www.webfx.com/tools/emoji-cheat-sheet/</a></p>
<h4 id="people">People</h4>
<table>
<thead>
<tr>
<th></th>
<th></th>
<th></th>
<th></th>
<th></th>
</tr>
</thead>
<tbody>
<tr>
<td>:bowtie: <code>:bowtie:</code></td>
<td>😄 <code>:smile:</code></td>
<td>😒imple_smile: <code>:simple_smile:</code></td>
<td>😆 <code>:laughing:</code></td>
<td>😊 <code>:blush:</code></td>
</tr>
<tr>
<td>😃 <code>:smiley:</code></td>
<td>☺️ <code>:relaxed:</code></td>
<td>😏 <code>:smirk:</code></td>
<td>😍 <code>:heart_eyes:</code></td>
<td>😘 <code>:kissing_heart:</code></td>
</tr>
<tr>
<td>😚 <code>:kissing_closed_eyes:</code></td>
<td>😳 <code>:flushed:</code></td>
<td>😌 <code>:relieved:</code></td>
<td>😆 <code>:satisfied:</code></td>
<td>😁 <code>:grin:</code></td>
</tr>
<tr>
<td>😉 <code>:wink:</code></td>
<td>😜 <code>:stuck_out_tongue_winking_eye:</code></td>
<td>😝 <code>:stuck_out_tongue_closed_eyes:</code></td>
<td>😀 <code>:grinning:</code></td>
<td>😗 <code>:kissing:</code></td>
</tr>
<tr>
<td>😙 <code>:kissing_smiling_eyes:</code></td>
<td>😛 <code>:stuck_out_tongue:</code></td>
<td>😴 <code>:sleeping:</code></td>
<td>😟 <code>:worried:</code></td>
<td>😦 <code>:frowning:</code></td>
</tr>
<tr>
<td>😧 <code>:anguished:</code></td>
<td>😮 <code>:open_mouth:</code></td>
<td>😬 <code>:grimacing:</code></td>
<td>😕 <code>:confused:</code></td>
<td>😯 <code>:hushed:</code></td>
</tr>
<tr>
<td>😑 <code>:expressionless:</code></td>
<td>😒 <code>:unamused:</code></td>
<td>😅 <code>:sweat_smile:</code></td>
<td>😓 <code>:sweat:</code></td>
<td>😥 <code>:disappointed_relieved:</code></td>
</tr>
<tr>
<td>😩 <code>:weary:</code></td>
<td>😔 <code>:pensive:</code></td>
<td>😞 <code>:disappointed:</code></td>
<td>😖 <code>:confounded:</code></td>
<td>😨 <code>:fearful:</code></td>
</tr>
<tr>
<td>😰 <code>:cold_sweat:</code></td>
<td>😣 <code>:persevere:</code></td>
<td>😢 <code>:cry:</code></td>
<td>😭 <code>:sob:</code></td>
<td>😂 <code>:joy:</code></td>
</tr>
<tr>
<td>😲 <code>:astonished:</code></td>
<td>😱 <code>:scream:</code></td>
<td>:neckbeard: <code>:neckbeard:</code></td>
<td>😫 <code>:tired_face:</code></td>
<td>😠 <code>:angry:</code></td>
</tr>
<tr>
<td>😡 <code>:rage:</code></td>
<td>😤 <code>:triumph:</code></td>
<td>😪 <code>:sleepy:</code></td>
<td>😋 <code>:yum:</code></td>
<td>😷 <code>:mask:</code></td>
</tr>
<tr>
<td>😎 <code>:sunglasses:</code></td>
<td>😵 <code>:dizzy_face:</code></td>
<td>👿 <code>:imp:</code></td>
<td>😈 <code>:smiling_imp:</code></td>
<td>😐 <code>:neutral_face:</code></td>
</tr>
<tr>
<td>😶 <code>:no_mouth:</code></td>
<td>😇 <code>:innocent:</code></td>
<td>👽 <code>:alien:</code></td>
<td>💛 <code>:yellow_heart:</code></td>
<td>💙 <code>:blue_heart:</code></td>
</tr>
<tr>
<td>💜 <code>:purple_heart:</code></td>
<td>❤️ <code>:heart:</code></td>
<td>💚 <code>:green_heart:</code></td>
<td>💔 <code>:broken_heart:</code></td>
<td>💓 <code>:heartbeat:</code></td>
</tr>
<tr>
<td>💗 <code>:heartpulse:</code></td>
<td>💕 <code>:two_hearts:</code></td>
<td>💞 <code>:revolving_hearts:</code></td>
<td>💘 <code>:cupid:</code></td>
<td>💖 <code>:sparkling_heart:</code></td>
</tr>
<tr>
<td>✨ <code>:sparkles:</code></td>
<td>⭐ <code>:star:</code></td>
<td>🌟 <code>:star2:</code></td>
<td>💫 <code>:dizzy:</code></td>
<td>💥 <code>:boom:</code></td>
</tr>
<tr>
<td>💥 <code>:collision:</code></td>
<td>💢 <code>:anger:</code></td>
<td>❗ <code>:exclamation:</code></td>
<td>❓ <code>:question:</code></td>
<td>❕ <code>:grey_exclamation:</code></td>
</tr>
<tr>
<td>❔ <code>:grey_question:</code></td>
<td>💤 <code>:zzz:</code></td>
<td>💨 <code>:dash:</code></td>
<td>💦 <code>:sweat_drops:</code></td>
<td>🎶 <code>:notes:</code></td>
</tr>
<tr>
<td>🎵 <code>:musical_note:</code></td>
<td>🔥 <code>:fire:</code></td>
<td>💩 <code>:hankey:</code></td>
<td>💩 <code>:poop:</code></td>
<td>💩 <code>:shit:</code></td>
</tr>
<tr>
<td>👍 <code>:+1:</code></td>
<td>👍 <code>:thumbsup:</code></td>
<td>👎 <code>:-1:</code></td>
<td>👎 <code>:thumbsdown:</code></td>
<td>👌 <code>:ok_hand:</code></td>
</tr>
<tr>
<td>👊 <code>:punch:</code></td>
<td>👊 <code>:facepunch:</code></td>
<td>✊ <code>:fist:</code></td>
<td>✌️ <code>:v:</code></td>
<td>👋 <code>:wave:</code></td>
</tr>
<tr>
<td>✋ <code>:hand:</code></td>
<td>✋ <code>:raised_hand:</code></td>
<td>👐 <code>:open_hands:</code></td>
<td>☝️ <code>:point_up:</code></td>
<td>👇 <code>:point_down:</code></td>
</tr>
<tr>
<td>👈 <code>:point_left:</code></td>
<td>👉 <code>:point_right:</code></td>
<td>🙌 <code>:raised_hands:</code></td>
<td>🙏 <code>:pray:</code></td>
<td>👆 <code>:point_up_2:</code></td>
</tr>
<tr>
<td>👏 <code>:clap:</code></td>
<td>💪 <code>:muscle:</code></td>
<td>🤘 <code>:metal:</code></td>
<td>:fu: <code>:fu:</code></td>
<td>🏃 <code>:runner:</code></td>
</tr>
<tr>
<td>🏃 <code>:running:</code></td>
<td>👫 <code>:couple:</code></td>
<td>👪 <code>:family:</code></td>
<td>👬 <code>:two_men_holding_hands:</code></td>
<td>👭 <code>:two_women_holding_hands:</code></td>
</tr>
<tr>
<td>💃 <code>:dancer:</code></td>
<td>👯 <code>:dancers:</code></td>
<td>🙆 <code>:ok_woman:</code></td>
<td>🙅 <code>:no_good:</code></td>
<td>💁 <code>:information_desk_person:</code></td>
</tr>
<tr>
<td>🙋 <code>:raising_hand:</code></td>
<td>👰 <code>:bride_with_veil:</code></td>
<td>🙎 <code>:person_with_pouting_face:</code></td>
<td>🙍 <code>:person_frowning:</code></td>
<td>🙇 <code>:bow:</code></td>
</tr>
<tr>
<td>💏 <code>:couplekiss:</code></td>
<td>💑 <code>:couple_with_heart:</code></td>
<td>💆 <code>:massage:</code></td>
<td>💇 <code>:haircut:</code></td>
<td>💅 <code>:nail_care:</code></td>
</tr>
<tr>
<td>👦 <code>:boy:</code></td>
<td>👧 <code>:girl:</code></td>
<td>👩 <code>:woman:</code></td>
<td>👨 <code>:man:</code></td>
<td>👶 <code>:baby:</code></td>
</tr>
<tr>
<td>👵 <code>:older_woman:</code></td>
<td>👴 <code>:older_man:</code></td>
<td>👱 <code>:person_with_blond_hair:</code></td>
<td>👲 <code>:man_with_gua_pi_mao:</code></td>
<td>👳 <code>:man_with_turban:</code></td>
</tr>
<tr>
<td>👷 <code>:construction_worker:</code></td>
<td>👮 <code>:cop:</code></td>
<td>👼 <code>:angel:</code></td>
<td>👸 <code>:princess:</code></td>
<td>😺 <code>:smiley_cat:</code></td>
</tr>
<tr>
<td>😸 <code>:smile_cat:</code></td>
<td>😻 <code>:heart_eyes_cat:</code></td>
<td>😽 <code>:kissing_cat:</code></td>
<td>😼 <code>:smirk_cat:</code></td>
<td>🙀 <code>:scream_cat:</code></td>
</tr>
<tr>
<td>😿 <code>:crying_cat_face:</code></td>
<td>😹 <code>:joy_cat:</code></td>
<td>😾 <code>:pouting_cat:</code></td>
<td>👹 <code>:japanese_ogre:</code></td>
<td>👺 <code>:japanese_goblin:</code></td>
</tr>
<tr>
<td>🙈 <code>:see_no_evil:</code></td>
<td>🙉 <code>:hear_no_evil:</code></td>
<td>🙊 <code>:speak_no_evil:</code></td>
<td>💂 <code>:guardsman:</code></td>
<td>💀 <code>:skull:</code></td>
</tr>
<tr>
<td>🐾 <code>:feet:</code></td>
<td>👄 <code>:lips:</code></td>
<td>💋 <code>:kiss:</code></td>
<td>💧 <code>:droplet:</code></td>
<td>👂 <code>:ear:</code></td>
</tr>
<tr>
<td>👀 <code>:eyes:</code></td>
<td>👃 <code>:nose:</code></td>
<td>👅 <code>:tongue:</code></td>
<td>💌 <code>:love_letter:</code></td>
<td>👤 <code>:bust_in_silhouette:</code></td>
</tr>
<tr>
<td>👥 <code>:busts_in_silhouette:</code></td>
<td>💬 <code>:speech_balloon:</code></td>
<td>💭 <code>:thought_balloon:</code></td>
<td>:feelsgood: <code>:feelsgood:</code></td>
<td>:finnadie: <code>:finnadie:</code></td>
</tr>
<tr>
<td>:goberserk: <code>:goberserk:</code></td>
<td>:godmode: <code>:godmode:</code></td>
<td>:hurtrealbad: <code>:hurtrealbad:</code></td>
<td>:rage1: <code>:rage1:</code></td>
<td>:rage2: <code>:rage2:</code></td>
</tr>
<tr>
<td>:rage3: <code>:rage3:</code></td>
<td>:rage4: <code>:rage4:</code></td>
<td>😒uspect: <code>:suspect:</code></td>
<td>:trollface: <code>:trollface:</code></td>
<td></td>
</tr>
</tbody>
</table>
<h4 id="nature">Nature</h4>
<table>
<thead>
<tr>
<th></th>
<th></th>
<th></th>
<th></th>
<th></th>
</tr>
</thead>
<tbody>
<tr>
<td>☀️ <code>:sunny:</code></td>
<td>☔ <code>:umbrella:</code></td>
<td>☁️ <code>:cloud:</code></td>
<td>❄️ <code>:snowflake:</code></td>
<td>⛄ <code>:snowman:</code></td>
</tr>
<tr>
<td>⚡ <code>:zap:</code></td>
<td>🌀 <code>:cyclone:</code></td>
<td>🌁 <code>:foggy:</code></td>
<td>🌊 <code>:ocean:</code></td>
<td>🐱 <code>:cat:</code></td>
</tr>
<tr>
<td>🐶 <code>:dog:</code></td>
<td>🐭 <code>:mouse:</code></td>
<td>🐹 <code>:hamster:</code></td>
<td>🐰 <code>:rabbit:</code></td>
<td>🐺 <code>:wolf:</code></td>
</tr>
<tr>
<td>🐸 <code>:frog:</code></td>
<td>🐯 <code>:tiger:</code></td>
<td>🐨 <code>:koala:</code></td>
<td>🐻 <code>:bear:</code></td>
<td>🐷 <code>:pig:</code></td>
</tr>
<tr>
<td>🐽 <code>:pig_nose:</code></td>
<td>🐮 <code>:cow:</code></td>
<td>🐗 <code>:boar:</code></td>
<td>🐵 <code>:monkey_face:</code></td>
<td>🐒 <code>:monkey:</code></td>
</tr>
<tr>
<td>🐴 <code>:horse:</code></td>
<td>🐎 <code>:racehorse:</code></td>
<td>🐫 <code>:camel:</code></td>
<td>🐑 <code>:sheep:</code></td>
<td>🐘 <code>:elephant:</code></td>
</tr>
<tr>
<td>🐼 <code>:panda_face:</code></td>
<td>🐍 <code>:snake:</code></td>
<td>🐦 <code>:bird:</code></td>
<td>🐤 <code>:baby_chick:</code></td>
<td>🐥 <code>:hatched_chick:</code></td>
</tr>
<tr>
<td>🐣 <code>:hatching_chick:</code></td>
<td>🐔 <code>:chicken:</code></td>
<td>🐧 <code>:penguin:</code></td>
<td>🐢 <code>:turtle:</code></td>
<td>🐛 <code>:bug:</code></td>
</tr>
<tr>
<td>🐝 <code>:honeybee:</code></td>
<td>🐜 <code>:ant:</code></td>
<td>🐞 <code>:beetle:</code></td>
<td>🐌 <code>:snail:</code></td>
<td>🐙 <code>:octopus:</code></td>
</tr>
<tr>
<td>🐠 <code>:tropical_fish:</code></td>
<td>🐟 <code>:fish:</code></td>
<td>🐳 <code>:whale:</code></td>
<td>🐋 <code>:whale2:</code></td>
<td>🐬 <code>:dolphin:</code></td>
</tr>
<tr>
<td>🐄 <code>:cow2:</code></td>
<td>🐏 <code>:ram:</code></td>
<td>🐀 <code>:rat:</code></td>
<td>🐃 <code>:water_buffalo:</code></td>
<td>🐅 <code>:tiger2:</code></td>
</tr>
<tr>
<td>🐇 <code>:rabbit2:</code></td>
<td>🐉 <code>:dragon:</code></td>
<td>🐐 <code>:goat:</code></td>
<td>🐓 <code>:rooster:</code></td>
<td>🐕 <code>:dog2:</code></td>
</tr>
<tr>
<td>🐖 <code>:pig2:</code></td>
<td>🐁 <code>:mouse2:</code></td>
<td>🐂 <code>:ox:</code></td>
<td>🐲 <code>:dragon_face:</code></td>
<td>🐡 <code>:blowfish:</code></td>
</tr>
<tr>
<td>🐊 <code>:crocodile:</code></td>
<td>🐪 <code>:dromedary_camel:</code></td>
<td>🐆 <code>:leopard:</code></td>
<td>🐈 <code>:cat2:</code></td>
<td>🐩 <code>:poodle:</code></td>
</tr>
<tr>
<td>🐾 <code>:paw_prints:</code></td>
<td>💐 <code>:bouquet:</code></td>
<td>🌸 <code>:cherry_blossom:</code></td>
<td>🌷 <code>:tulip:</code></td>
<td>🍀 <code>:four_leaf_clover:</code></td>
</tr>
<tr>
<td>🌹 <code>:rose:</code></td>
<td>🌻 <code>:sunflower:</code></td>
<td>🌺 <code>:hibiscus:</code></td>
<td>🍁 <code>:maple_leaf:</code></td>
<td>🍃 <code>:leaves:</code></td>
</tr>
<tr>
<td>🍂 <code>:fallen_leaf:</code></td>
<td>🌿 <code>:herb:</code></td>
<td>🍄 <code>:mushroom:</code></td>
<td>🌵 <code>:cactus:</code></td>
<td>🌴 <code>:palm_tree:</code></td>
</tr>
<tr>
<td>🌲 <code>:evergreen_tree:</code></td>
<td>🌳 <code>:deciduous_tree:</code></td>
<td>🌰 <code>:chestnut:</code></td>
<td>🌱 <code>:seedling:</code></td>
<td>🌼 <code>:blossom:</code></td>
</tr>
<tr>
<td>🌾 <code>:ear_of_rice:</code></td>
<td>🐚 <code>:shell:</code></td>
<td>🌐 <code>:globe_with_meridians:</code></td>
<td>🌞 <code>:sun_with_face:</code></td>
<td>🌝 <code>:full_moon_with_face:</code></td>
</tr>
<tr>
<td>🌚 <code>:new_moon_with_face:</code></td>
<td>🌑 <code>:new_moon:</code></td>
<td>🌒 <code>:waxing_crescent_moon:</code></td>
<td>🌓 <code>:first_quarter_moon:</code></td>
<td>🌔 <code>:waxing_gibbous_moon:</code></td>
</tr>
<tr>
<td>🌕 <code>:full_moon:</code></td>
<td>🌖 <code>:waning_gibbous_moon:</code></td>
<td>🌗 <code>:last_quarter_moon:</code></td>
<td>🌘 <code>:waning_crescent_moon:</code></td>
<td>🌜 <code>:last_quarter_moon_with_face:</code></td>
</tr>
<tr>
<td>🌛 <code>:first_quarter_moon_with_face:</code></td>
<td>🌙 <code>:crescent_moon:</code></td>
<td>🌍 <code>:earth_africa:</code></td>
<td>🌎 <code>:earth_americas:</code></td>
<td>🌏 <code>:earth_asia:</code></td>
</tr>
<tr>
<td>🌋 <code>:volcano:</code></td>
<td>🌌 <code>:milky_way:</code></td>
<td>⛅ <code>:partly_sunny:</code></td>
<td>😮ctocat: <code>:octocat:</code></td>
<td>😒quirrel: <code>:squirrel:</code></td>
</tr>
</tbody>
</table>
<h4 id="objects">Objects</h4>
<table>
<thead>
<tr>
<th></th>
<th></th>
<th></th>
<th></th>
<th></th>
</tr>
</thead>
<tbody>
<tr>
<td>🎍 <code>:bamboo:</code></td>
<td>💝 <code>:gift_heart:</code></td>
<td>🎎 <code>:dolls:</code></td>
<td>🎒 <code>:school_satchel:</code></td>
<td>🎓 <code>:mortar_board:</code></td>
</tr>
<tr>
<td>🎏 <code>:flags:</code></td>
<td>🎆 <code>:fireworks:</code></td>
<td>🎇 <code>:sparkler:</code></td>
<td>🎐 <code>:wind_chime:</code></td>
<td>🎑 <code>:rice_scene:</code></td>
</tr>
<tr>
<td>🎃 <code>:jack_o_lantern:</code></td>
<td>👻 <code>:ghost:</code></td>
<td>🎅 <code>:santa:</code></td>
<td>🎄 <code>:christmas_tree:</code></td>
<td>🎁 <code>:gift:</code></td>
</tr>
<tr>
<td>🔔 <code>:bell:</code></td>
<td>🔕 <code>:no_bell:</code></td>
<td>🎋 <code>:tanabata_tree:</code></td>
<td>🎉 <code>:tada:</code></td>
<td>🎊 <code>:confetti_ball:</code></td>
</tr>
<tr>
<td>🎈 <code>:balloon:</code></td>
<td>🔮 <code>:crystal_ball:</code></td>
<td>💿 <code>:cd:</code></td>
<td>📀 <code>:dvd:</code></td>
<td>💾 <code>:floppy_disk:</code></td>
</tr>
<tr>
<td>📷 <code>:camera:</code></td>
<td>📹 <code>:video_camera:</code></td>
<td>🎥 <code>:movie_camera:</code></td>
<td>💻 <code>:computer:</code></td>
<td>📺 <code>:tv:</code></td>
</tr>
<tr>
<td>📱 <code>:iphone:</code></td>
<td>☎️ <code>:phone:</code></td>
<td>☎️ <code>:telephone:</code></td>
<td>📞 <code>:telephone_receiver:</code></td>
<td>📟 <code>:pager:</code></td>
</tr>
<tr>
<td>📠 <code>:fax:</code></td>
<td>💽 <code>:minidisc:</code></td>
<td>📼 <code>:vhs:</code></td>
<td>🔉 <code>:sound:</code></td>
<td>🔈 <code>:speaker:</code></td>
</tr>
<tr>
<td>🔇 <code>:mute:</code></td>
<td>📢 <code>:loudspeaker:</code></td>
<td>📣 <code>:mega:</code></td>
<td>⌛ <code>:hourglass:</code></td>
<td>⏳ <code>:hourglass_flowing_sand:</code></td>
</tr>
<tr>
<td>⏰ <code>:alarm_clock:</code></td>
<td>⌚ <code>:watch:</code></td>
<td>📻 <code>:radio:</code></td>
<td>📡 <code>:satellite:</code></td>
<td>➿ <code>:loop:</code></td>
</tr>
<tr>
<td>🔍 <code>:mag:</code></td>
<td>🔎 <code>:mag_right:</code></td>
<td>🔓 <code>:unlock:</code></td>
<td>🔒 <code>:lock:</code></td>
<td>🔏 <code>:lock_with_ink_pen:</code></td>
</tr>
<tr>
<td>🔐 <code>:closed_lock_with_key:</code></td>
<td>🔑 <code>:key:</code></td>
<td>💡 <code>:bulb:</code></td>
<td>🔦 <code>:flashlight:</code></td>
<td>🔆 <code>:high_brightness:</code></td>
</tr>
<tr>
<td>🔅 <code>:low_brightness:</code></td>
<td>🔌 <code>:electric_plug:</code></td>
<td>🔋 <code>:battery:</code></td>
<td>📲 <code>:calling:</code></td>
<td>✉️ <code>:email:</code></td>
</tr>
<tr>
<td>📫 <code>:mailbox:</code></td>
<td>📮 <code>:postbox:</code></td>
<td>🛀 <code>:bath:</code></td>
<td>🛁 <code>:bathtub:</code></td>
<td>🚿 <code>:shower:</code></td>
</tr>
<tr>
<td>🚽 <code>:toilet:</code></td>
<td>🔧 <code>:wrench:</code></td>
<td>🔩 <code>:nut_and_bolt:</code></td>
<td>🔨 <code>:hammer:</code></td>
<td>💺 <code>:seat:</code></td>
</tr>
<tr>
<td>💰 <code>:moneybag:</code></td>
<td>💴 <code>:yen:</code></td>
<td>💵 <code>:dollar:</code></td>
<td>💷 <code>:pound:</code></td>
<td>💶 <code>:euro:</code></td>
</tr>
<tr>
<td>💳 <code>:credit_card:</code></td>
<td>💸 <code>:money_with_wings:</code></td>
<td>📧 <code>:e-mail:</code></td>
<td>📥 <code>:inbox_tray:</code></td>
<td>📤 <code>:outbox_tray:</code></td>
</tr>
<tr>
<td>✉️ <code>:envelope:</code></td>
<td>📨 <code>:incoming_envelope:</code></td>
<td>📯 <code>:postal_horn:</code></td>
<td>📪 <code>:mailbox_closed:</code></td>
<td>📬 <code>:mailbox_with_mail:</code></td>
</tr>
<tr>
<td>📭 <code>:mailbox_with_no_mail:</code></td>
<td>📦 <code>:package:</code></td>
<td>🚪 <code>:door:</code></td>
<td>🚬 <code>:smoking:</code></td>
<td>💣 <code>:bomb:</code></td>
</tr>
<tr>
<td>🔫 <code>:gun:</code></td>
<td>🔪 <code>:hocho:</code></td>
<td>💊 <code>:pill:</code></td>
<td>💉 <code>:syringe:</code></td>
<td>📄 <code>:page_facing_up:</code></td>
</tr>
<tr>
<td>📃 <code>:page_with_curl:</code></td>
<td>📑 <code>:bookmark_tabs:</code></td>
<td>📊 <code>:bar_chart:</code></td>
<td>📈 <code>:chart_with_upwards_trend:</code></td>
<td>📉 <code>:chart_with_downwards_trend:</code></td>
</tr>
<tr>
<td>📜 <code>:scroll:</code></td>
<td>📋 <code>:clipboard:</code></td>
<td>📆 <code>:calendar:</code></td>
<td>📅 <code>:date:</code></td>
<td>📇 <code>:card_index:</code></td>
</tr>
<tr>
<td>📁 <code>:file_folder:</code></td>
<td>📂 <code>:open_file_folder:</code></td>
<td>✂️ <code>:scissors:</code></td>
<td>📌 <code>:pushpin:</code></td>
<td>📎 <code>:paperclip:</code></td>
</tr>
<tr>
<td>✒️ <code>:black_nib:</code></td>
<td>✏️ <code>:pencil2:</code></td>
<td>📏 <code>:straight_ruler:</code></td>
<td>📐 <code>:triangular_ruler:</code></td>
<td>📕 <code>:closed_book:</code></td>
</tr>
<tr>
<td>📗 <code>:green_book:</code></td>
<td>📘 <code>:blue_book:</code></td>
<td>📙 <code>:orange_book:</code></td>
<td>📓 <code>:notebook:</code></td>
<td>📔 <code>:notebook_with_decorative_cover:</code></td>
</tr>
<tr>
<td>📒 <code>:ledger:</code></td>
<td>📚 <code>:books:</code></td>
<td>🔖 <code>:bookmark:</code></td>
<td>📛 <code>:name_badge:</code></td>
<td>🔬 <code>:microscope:</code></td>
</tr>
<tr>
<td>🔭 <code>:telescope:</code></td>
<td>📰 <code>:newspaper:</code></td>
<td>🏈 <code>:football:</code></td>
<td>🏀 <code>:basketball:</code></td>
<td>⚽ <code>:soccer:</code></td>
</tr>
<tr>
<td>⚾️ <code>:baseball:</code></td>
<td>🎾 <code>:tennis:</code></td>
<td>🎱 <code>:8ball:</code></td>
<td>🏉 <code>:rugby_football:</code></td>
<td>🎳 <code>:bowling:</code></td>
</tr>
<tr>
<td>⛳ <code>:golf:</code></td>
<td>🚵 <code>:mountain_bicyclist:</code></td>
<td>🚴 <code>:bicyclist:</code></td>
<td>🏇 <code>:horse_racing:</code></td>
<td>🏂 <code>:snowboarder:</code></td>
</tr>
<tr>
<td>🏊 <code>:swimmer:</code></td>
<td>🏄 <code>:surfer:</code></td>
<td>🎿 <code>:ski:</code></td>
<td>♠️ <code>:spades:</code></td>
<td>♥️ <code>:hearts:</code></td>
</tr>
<tr>
<td>♣️ <code>:clubs:</code></td>
<td>♦️ <code>:diamonds:</code></td>
<td>💎 <code>:gem:</code></td>
<td>💍 <code>:ring:</code></td>
<td>🏆 <code>:trophy:</code></td>
</tr>
<tr>
<td>🎼 <code>:musical_score:</code></td>
<td>🎹 <code>:musical_keyboard:</code></td>
<td>🎻 <code>:violin:</code></td>
<td>👾 <code>:space_invader:</code></td>
<td>🎮 <code>:video_game:</code></td>
</tr>
<tr>
<td>🃏 <code>:black_joker:</code></td>
<td>🎴 <code>:flower_playing_cards:</code></td>
<td>🎲 <code>:game_die:</code></td>
<td>🎯 <code>:dart:</code></td>
<td>🀄 <code>:mahjong:</code></td>
</tr>
<tr>
<td>🎬 <code>:clapper:</code></td>
<td>📝 <code>:memo:</code></td>
<td>📝 <code>:pencil:</code></td>
<td>📖 <code>:book:</code></td>
<td>🎨 <code>:art:</code></td>
</tr>
<tr>
<td>🎤 <code>:microphone:</code></td>
<td>🎧 <code>:headphones:</code></td>
<td>🎺 <code>:trumpet:</code></td>
<td>🎷 <code>:saxophone:</code></td>
<td>🎸 <code>:guitar:</code></td>
</tr>
<tr>
<td>👞 <code>:shoe:</code></td>
<td>👡 <code>:sandal:</code></td>
<td>👠 <code>:high_heel:</code></td>
<td>💄 <code>:lipstick:</code></td>
<td>👢 <code>:boot:</code></td>
</tr>
<tr>
<td>👕 <code>:shirt:</code></td>
<td>👕 <code>:tshirt:</code></td>
<td>👔 <code>:necktie:</code></td>
<td>👚 <code>:womans_clothes:</code></td>
<td>👗 <code>:dress:</code></td>
</tr>
<tr>
<td>🎽 <code>:running_shirt_with_sash:</code></td>
<td>👖 <code>:jeans:</code></td>
<td>👘 <code>:kimono:</code></td>
<td>👙 <code>:bikini:</code></td>
<td>🎀 <code>:ribbon:</code></td>
</tr>
<tr>
<td>🎩 <code>:tophat:</code></td>
<td>👑 <code>:crown:</code></td>
<td>👒 <code>:womans_hat:</code></td>
<td>👞 <code>:mans_shoe:</code></td>
<td>🌂 <code>:closed_umbrella:</code></td>
</tr>
<tr>
<td>💼 <code>:briefcase:</code></td>
<td>👜 <code>:handbag:</code></td>
<td>👝 <code>:pouch:</code></td>
<td>👛 <code>:purse:</code></td>
<td>👓 <code>:eyeglasses:</code></td>
</tr>
<tr>
<td>🎣 <code>:fishing_pole_and_fish:</code></td>
<td>☕ <code>:coffee:</code></td>
<td>🍵 <code>:tea:</code></td>
<td>🍶 <code>:sake:</code></td>
<td>🍼 <code>:baby_bottle:</code></td>
</tr>
<tr>
<td>🍺 <code>:beer:</code></td>
<td>🍻 <code>:beers:</code></td>
<td>🍸 <code>:cocktail:</code></td>
<td>🍹 <code>:tropical_drink:</code></td>
<td>🍷 <code>:wine_glass:</code></td>
</tr>
<tr>
<td>🍴 <code>:fork_and_knife:</code></td>
<td>🍕 <code>:pizza:</code></td>
<td>🍔 <code>:hamburger:</code></td>
<td>🍟 <code>:fries:</code></td>
<td>🍗 <code>:poultry_leg:</code></td>
</tr>
<tr>
<td>🍖 <code>:meat_on_bone:</code></td>
<td>🍝 <code>:spaghetti:</code></td>
<td>🍛 <code>:curry:</code></td>
<td>🍤 <code>:fried_shrimp:</code></td>
<td>🍱 <code>:bento:</code></td>
</tr>
<tr>
<td>🍣 <code>:sushi:</code></td>
<td>🍥 <code>:fish_cake:</code></td>
<td>🍙 <code>:rice_ball:</code></td>
<td>🍘 <code>:rice_cracker:</code></td>
<td>🍚 <code>:rice:</code></td>
</tr>
<tr>
<td>🍜 <code>:ramen:</code></td>
<td>🍲 <code>:stew:</code></td>
<td>🍢 <code>:oden:</code></td>
<td>🍡 <code>:dango:</code></td>
<td>🍳 <code>:egg:</code></td>
</tr>
<tr>
<td>🍞 <code>:bread:</code></td>
<td>🍩 <code>:doughnut:</code></td>
<td>🍮 <code>:custard:</code></td>
<td>🍦 <code>:icecream:</code></td>
<td>🍨 <code>:ice_cream:</code></td>
</tr>
<tr>
<td>🍧 <code>:shaved_ice:</code></td>
<td>🎂 <code>:birthday:</code></td>
<td>🍰 <code>:cake:</code></td>
<td>🍪 <code>:cookie:</code></td>
<td>🍫 <code>:chocolate_bar:</code></td>
</tr>
<tr>
<td>🍬 <code>:candy:</code></td>
<td>🍭 <code>:lollipop:</code></td>
<td>🍯 <code>:honey_pot:</code></td>
<td>🍎 <code>:apple:</code></td>
<td>🍏 <code>:green_apple:</code></td>
</tr>
<tr>
<td>🍊 <code>:tangerine:</code></td>
<td>🍋 <code>:lemon:</code></td>
<td>🍒 <code>:cherries:</code></td>
<td>🍇 <code>:grapes:</code></td>
<td>🍉 <code>:watermelon:</code></td>
</tr>
<tr>
<td>🍓 <code>:strawberry:</code></td>
<td>🍑 <code>:peach:</code></td>
<td>🍈 <code>:melon:</code></td>
<td>🍌 <code>:banana:</code></td>
<td>🍐 <code>:pear:</code></td>
</tr>
<tr>
<td>🍍 <code>:pineapple:</code></td>
<td>🍠 <code>:sweet_potato:</code></td>
<td>🍆 <code>:eggplant:</code></td>
<td>🍅 <code>:tomato:</code></td>
<td>🌽 <code>:corn:</code></td>
</tr>
</tbody>
</table>
<h4 id="places">Places</h4>
<table>
<thead>
<tr>
<th></th>
<th></th>
<th></th>
<th></th>
<th></th>
</tr>
</thead>
<tbody>
<tr>
<td>🏠 <code>:house:</code></td>
<td>🏡 <code>:house_with_garden:</code></td>
<td>🏫 <code>:school:</code></td>
<td>🏢 <code>:office:</code></td>
<td>🏣 <code>:post_office:</code></td>
</tr>
<tr>
<td>🏥 <code>:hospital:</code></td>
<td>🏦 <code>:bank:</code></td>
<td>🏪 <code>:convenience_store:</code></td>
<td>🏩 <code>:love_hotel:</code></td>
<td>🏨 <code>:hotel:</code></td>
</tr>
<tr>
<td>💒 <code>:wedding:</code></td>
<td>⛪ <code>:church:</code></td>
<td>🏬 <code>:department_store:</code></td>
<td>🏤 <code>:european_post_office:</code></td>
<td>🌇 <code>:city_sunrise:</code></td>
</tr>
<tr>
<td>🌆 <code>:city_sunset:</code></td>
<td>🏯 <code>:japanese_castle:</code></td>
<td>🏰 <code>:european_castle:</code></td>
<td>⛺ <code>:tent:</code></td>
<td>🏭 <code>:factory:</code></td>
</tr>
<tr>
<td>🗼 <code>:tokyo_tower:</code></td>
<td>🗾 <code>:japan:</code></td>
<td>🗻 <code>:mount_fuji:</code></td>
<td>🌄 <code>:sunrise_over_mountains:</code></td>
<td>🌅 <code>:sunrise:</code></td>
</tr>
<tr>
<td>🌠 <code>:stars:</code></td>
<td>🗽 <code>:statue_of_liberty:</code></td>
<td>🌉 <code>:bridge_at_night:</code></td>
<td>🎠 <code>:carousel_horse:</code></td>
<td>🌈 <code>:rainbow:</code></td>
</tr>
<tr>
<td>🎡 <code>:ferris_wheel:</code></td>
<td>⛲ <code>:fountain:</code></td>
<td>🎢 <code>:roller_coaster:</code></td>
<td>🚢 <code>:ship:</code></td>
<td>🚤 <code>:speedboat:</code></td>
</tr>
<tr>
<td>⛵ <code>:boat:</code></td>
<td>⛵ <code>:sailboat:</code></td>
<td>🚣 <code>:rowboat:</code></td>
<td>⚓ <code>:anchor:</code></td>
<td>🚀 <code>:rocket:</code></td>
</tr>
<tr>
<td>✈️ <code>:airplane:</code></td>
<td>🚁 <code>:helicopter:</code></td>
<td>🚂 <code>:steam_locomotive:</code></td>
<td>🚊 <code>:tram:</code></td>
<td>🚞 <code>:mountain_railway:</code></td>
</tr>
<tr>
<td>🚲 <code>:bike:</code></td>
<td>🚡 <code>:aerial_tramway:</code></td>
<td>🚟 <code>:suspension_railway:</code></td>
<td>🚠 <code>:mountain_cableway:</code></td>
<td>🚜 <code>:tractor:</code></td>
</tr>
<tr>
<td>🚙 <code>:blue_car:</code></td>
<td>🚘 <code>:oncoming_automobile:</code></td>
<td>🚗 <code>:car:</code></td>
<td>🚗 <code>:red_car:</code></td>
<td>🚕 <code>:taxi:</code></td>
</tr>
<tr>
<td>🚖 <code>:oncoming_taxi:</code></td>
<td>🚛 <code>:articulated_lorry:</code></td>
<td>🚌 <code>:bus:</code></td>
<td>🚍 <code>:oncoming_bus:</code></td>
<td>🚨 <code>:rotating_light:</code></td>
</tr>
<tr>
<td>🚓 <code>:police_car:</code></td>
<td>🚔 <code>:oncoming_police_car:</code></td>
<td>🚒 <code>:fire_engine:</code></td>
<td>🚑 <code>:ambulance:</code></td>
<td>🚐 <code>:minibus:</code></td>
</tr>
<tr>
<td>🚚 <code>:truck:</code></td>
<td>🚋 <code>:train:</code></td>
<td>🚉 <code>:station:</code></td>
<td>🚆 <code>:train2:</code></td>
<td>🚅 <code>:bullettrain_front:</code></td>
</tr>
<tr>
<td>🚄 <code>:bullettrain_side:</code></td>
<td>🚈 <code>:light_rail:</code></td>
<td>🚝 <code>:monorail:</code></td>
<td>🚃 <code>:railway_car:</code></td>
<td>🚎 <code>:trolleybus:</code></td>
</tr>
<tr>
<td>🎫 <code>:ticket:</code></td>
<td>⛽ <code>:fuelpump:</code></td>
<td>🚦 <code>:vertical_traffic_light:</code></td>
<td>🚥 <code>:traffic_light:</code></td>
<td>⚠️ <code>:warning:</code></td>
</tr>
<tr>
<td>🚧 <code>:construction:</code></td>
<td>🔰 <code>:beginner:</code></td>
<td>🏧 <code>:atm:</code></td>
<td>🎰 <code>:slot_machine:</code></td>
<td>🚏 <code>:busstop:</code></td>
</tr>
<tr>
<td>💈 <code>:barber:</code></td>
<td>♨️ <code>:hotsprings:</code></td>
<td>🏁 <code>:checkered_flag:</code></td>
<td>🎌 <code>:crossed_flags:</code></td>
<td>🏮 <code>:izakaya_lantern:</code></td>
</tr>
<tr>
<td>🗿 <code>:moyai:</code></td>
<td>🎪 <code>:circus_tent:</code></td>
<td>🎭 <code>:performing_arts:</code></td>
<td>📍 <code>:round_pushpin:</code></td>
<td>🚩 <code>:triangular_flag_on_post:</code></td>
</tr>
<tr>
<td>🇯🇵 <code>:jp:</code></td>
<td>🇰🇷 <code>:kr:</code></td>
<td>🇨🇳 <code>:cn:</code></td>
<td>🇺🇸 <code>:us:</code></td>
<td>🇫🇷 <code>:fr:</code></td>
</tr>
<tr>
<td>🇪🇸 <code>:es:</code></td>
<td>🇮🇹 <code>:it:</code></td>
<td>🇷🇺 <code>:ru:</code></td>
<td>🇬🇧 <code>:gb:</code></td>
<td>🇬🇧 <code>:uk:</code></td>
</tr>
<tr>
<td>🇩🇪 <code>:de:</code></td>
<td></td>
<td></td>
<td></td>
<td></td>
</tr>
</tbody>
</table>
<h4 id="symbols">Symbols</h4>
<table>
<thead>
<tr>
<th></th>
<th></th>
<th></th>
<th></th>
<th></th>
</tr>
</thead>
<tbody>
<tr>
<td>🔜 <code>:soon:</code></td>
<td>🕐 <code>:clock1:</code></td>
<td>🕜 <code>:clock130:</code></td>
<td>🕙 <code>:clock10:</code></td>
<td>🕥 <code>:clock1030:</code></td>
</tr>
<tr>
<td>🕚 <code>:clock11:</code></td>
<td>🕦 <code>:clock1130:</code></td>
<td>🕛 <code>:clock12:</code></td>
<td>🕧 <code>:clock1230:</code></td>
<td>🕑 <code>:clock2:</code></td>
</tr>
<tr>
<td>🕝 <code>:clock230:</code></td>
<td>🕒 <code>:clock3:</code></td>
<td>🕞 <code>:clock330:</code></td>
<td>🕓 <code>:clock4:</code></td>
<td>🕟 <code>:clock430:</code></td>
</tr>
<tr>
<td>🕔 <code>:clock5:</code></td>
<td>🕠 <code>:clock530:</code></td>
<td>🕕 <code>:clock6:</code></td>
<td>🕡 <code>:clock630:</code></td>
<td>🕖 <code>:clock7:</code></td>
</tr>
<tr>
<td>🕢 <code>:clock730:</code></td>
<td>🕗 <code>:clock8:</code></td>
<td>🕣 <code>:clock830:</code></td>
<td>🕘 <code>:clock9:</code></td>
<td>🕤 <code>:clock930:</code></td>
</tr>
<tr>
<td>💲 <code>:heavy_dollar_sign:</code></td>
<td>©️ <code>:copyright:</code></td>
<td>®️ <code>:registered:</code></td>
<td>™️ <code>:tm:</code></td>
<td>❌ <code>:x:</code></td>
</tr>
<tr>
<td>❗ <code>:heavy_exclamation_mark:</code></td>
<td>‼️ <code>:bangbang:</code></td>
<td>⁉️ <code>:interrobang:</code></td>
<td>⭕ <code>:o:</code></td>
<td>✖️ <code>:heavy_multiplication_x:</code></td>
</tr>
<tr>
<td>➕ <code>:heavy_plus_sign:</code></td>
<td>➖ <code>:heavy_minus_sign:</code></td>
<td>➗ <code>:heavy_division_sign:</code></td>
<td>💮 <code>:white_flower:</code></td>
<td>💯 <code>:100:</code></td>
</tr>
<tr>
<td>✔️ <code>:heavy_check_mark:</code></td>
<td>☑️ <code>:ballot_box_with_check:</code></td>
<td>🔘 <code>:radio_button:</code></td>
<td>🔗 <code>:link:</code></td>
<td>➰ <code>:curly_loop:</code></td>
</tr>
<tr>
<td>〰️ <code>:wavy_dash:</code></td>
<td>〽️ <code>:part_alternation_mark:</code></td>
<td>🔱 <code>:trident:</code></td>
<td>▪️ <code>:black_small_square:</code></td>
<td>▫️ <code>:white_small_square:</code></td>
</tr>
<tr>
<td>◾ <code>:black_medium_small_square:</code></td>
<td>◽ <code>:white_medium_small_square:</code></td>
<td>◼️ <code>:black_medium_square:</code></td>
<td>◻️ <code>:white_medium_square:</code></td>
<td>⬛ <code>:black_large_square:</code></td>
</tr>
<tr>
<td>⬜ <code>:white_large_square:</code></td>
<td>✅ <code>:white_check_mark:</code></td>
<td>🔲 <code>:black_square_button:</code></td>
<td>🔳 <code>:white_square_button:</code></td>
<td>⚫ <code>:black_circle:</code></td>
</tr>
<tr>
<td>⚪ <code>:white_circle:</code></td>
<td>🔴 <code>:red_circle:</code></td>
<td>🔵 <code>:large_blue_circle:</code></td>
<td>🔷 <code>:large_blue_diamond:</code></td>
<td>🔶 <code>:large_orange_diamond:</code></td>
</tr>
<tr>
<td>🔹 <code>:small_blue_diamond:</code></td>
<td>🔸 <code>:small_orange_diamond:</code></td>
<td>🔺 <code>:small_red_triangle:</code></td>
<td>🔻 <code>:small_red_triangle_down:</code></td>
<td>😒hipit: <code>:shipit:</code></td>
</tr>
</tbody>
</table>
<footer><style></style></footer></body></html>