<!DOCTYPE html><html><head><meta http-equiv=Content-Type content="text/html; charset=utf-8"></head><body><a id="page-with-svg">&nbsp;</a><h2 id="premise">Premise</h2>
<p>This is a wiki page to test export PNG and SVG</p>
<hr />
<h2 id="png">PNG</h2>
<p><img src="data:image/.png;base64,iVBORw0KGgoAAAANSUhEUgAAASwAAAFoCAIAAABi1lFYAAAoe0lEQVR4Xu2dC3gU1dnH382NQAjhTgGp3AQVFVDLTSmCiihesFhFUT8seIVaEUUuiloUpVIqQhX8+EzxA/1iRZSKAkVQUUCgQi0WVARBoZEIxnALkGS/M+/ZWSbnJCEJ2T1zJv/f8394smdmZ+f22zPzzuxAYQCAUUhtAADEF0gIgGEgIQCGgYQAGAYSAmAYSAiAYSAhAIaBhAAYBhICYBhICIBhICEAhoGEABgGEgJgGEgIgGEqJuGKFSseBQCciPfff1+Vp3QqJqGYOgEATsRjjz2mylM6lZHwovPosTsQBCkhvc6Ni4Tik8LrEQQpIY/eAQkRxGggIYIYDiREEMOBhAhiOJAQQQwHEiKI4UBCBDEcSIgghgMJEcRwICGCGA4kRBDDgYQIYjiQEEEMBxIiiOFAQgQxHEiIIIYDCRHEcCAhghgOJIxTvn6L5j1Bf7qfXhhLC6fSjyvUEf79V9rwCn37jtquZPdiZ7Qv31DbRYrW0afz6C+P0R9H0p8fojeeoZxl6jglZs/fnWmWJ4c+Vt+LnHwgYcyzOpO6nuWsZS9JiXRTP9r17vHR/utKp71ze/XtSnp2dkYbeVOxxiOr6enfUrNGxT+DKCGB+vVw5NGn4434aignJ5xUJXJ0DT3zO9r/odpefQIJY5sVs6hGirOKG9WjQX3p/sE0bIDzdK1QyGk8telxDz/878iO/vlr6kSiEd2pfKN3HDGFc06LvLd1c7r9Wmejjr2NrvolpfJHixn425/USXkz53Fqf2qxyDc2yFDbN7+uvvckc+wT6tDa+Sz90KD6BBLGMOL48PSWzvodcJF6ILfxFWpc3xl042XHG8VeLhD+6JOSkVur+znHW8RkO7ZzGuvXodf/oI4v/OzbzRlaN52+X6oOLSOy63409lvt8CrngwgSQsIYRfQbAtF3/fCeOkjkr5OdoYkJx4/EJt/rtIjuUdirjy8aRUcneGnC8cbf3+W01Eqlf76qji8j9vK2LZxxHh6qDiojkDCegYQxzKqXnJWbnOScs+lDhXtdOjjnbDvejrRkL3XOFQXi0FQf/4MXnUHptejAykiL2IPFEaNg4t3qyN68ON45Ih16jdpeRsojYeFa53tEHF1fcQHd0Nc5sdy7XB1HHG1mPeWMc3kPuu5iemQYffZ/x4cue56eGsEK8iKIM8M9f1enUB0CCWMYsVOmJDvr94FbnF1WH0HPNb2c8e/8ldou8purnUF3eAaJMz3intZb4NGTv4oOfqQ2lp0TSrhzkVNDUqhXhxZPPz6O6Nx+caY6jphboaIcYfj16tBYFH78H0gY24y8KbJ7tWpGD/2X890f7cdKzMKpzsjiBE/pPIVFog8UrH35eOOYIU7L2W3ViZx8ypZQLII81+3Ujt57gfI+dK6sjPuNI5jocqMiSccu7hK5tiFOSkVfJwtLn8xxRvjuHecPiej8q+0lEEgY2xSspVE3O5cKoogDzm5n04TbaVNJVVAxftOGzmgLphRr/9/fO40d2xVr/PUlTuOVPdWJnHzKlvDp3zpDxdeKcl1BfMsILu0aednmFOflxuKd2y1XUMO6zmVM+RLnhGFIGJ9sme90FKLLUhh8eQnnUbJ/E2dQ3sZLujiN00cXaxQnY1S8viojzqx6nevkl5yenZ1c2Im2LVTHLC1lSyiviERFiuY/S5z2aCFKlm3FobX3YFg5LIeEYUgY5wg9/jqZ7r6OmjeO7HzirEmcs3nH+WqB056aQrnvR1rEwZ7oS0WLsqdef6kzpvBT+RQxfon8K0sds7SUIaGYW9mxiyNt8aWgpGYNZ5A46hZjzhgd+dxaqU53LYZufVOdGiQMQ0JTOfYJPTvKuT4hmDVOHSr/r6zZj0ReThruvLz5CnW0sbc57eKoT2kXnvz9+eN584+RHb1KJNy9ODK1Msh6KjLyH0c657deRPf48u+PTw0ShiFhTPP7uxxz1nlKKUpu7e+sfdGhKe0v8xlg7/MjL2UV5P0X1dHeeS6yB5dtl9i/yzOaN2VIKDpzifjuECeuJeY7zx2wR1Y7JVPRbUZv6xE8NSIyFBKGIWFMI07DBON/o7ZH88Q9zghX/1JtP/QxZdR2jvp2ves4LDjt5+o4Yb7rUlZx9E7Sm6qVsGBt5JhTfAXoQ5Uodx3seNs51xXUSYsMgoRhSBjTSMcaZNA3f1MHhXkHvaCjM8KE29VBIncNdAb9+SEafavzx+R71RFkZJ8peO5BdVA0S2ZExqkSCUUu7eoM1c3fMp9q16IzWzsVGnFeekYr53a5w8XPeOVdRAJ5NSLflXCfVqCqPoGEMYzYseQNos0b09yJxXZHoaUsq9RKLflSu+wA+/zCOeVLSnRuptHHkREySAZcRB/9z/F20WWtnO3cNS7rKOm1nCvs+ttLTNkSypsEBK89fbxRSCV/4RE9ipa3y0Uvzcs88zunUYgqX4pvIjl7n85TP6X6BBLGNsKlem5lQhzFifOiHudELqAJUpKdq/P6u2TEyPLS9rW91UHeHPvEuf4RvRQpPq5jO+e94oA2ysVdaHu5r0+ETyRh2HOzy+U9nDvORt1MLZo4L5vUd6q7cpy3n43Mlejwx97mdPhiZOLbZRdNOz4puTbEl5E49fV+iVSfQMKY5/ulzjWJJtwlRklNcTqusn8ZNO2ByMjeXba0rM50rt2n1Sz2KaL3+1Uf5+dU+vhl54QSiswcFxFPIr4vLumiLlHWU841fS9ntSl2a5vIu89F7oClkq49VodAwjhFHHdtfZM+fsk5QxOHXjH6DevRNc6J39I/O3eTff6a81Ifp2ojzgOXz3RuOivt3mu54GKcD148fqu6EjGfX7/lXPwo8ecjgQ8kRBDDgYQIYjiQEEEMBxIiiOFAQgQxHEiIIIYDCRHEcCAhghgOJEQQw4GECGI4kBBBDAcSIojhQEIEMRxIiCCGAwkRxHAgIYIYDiREEMOBhAhiOJAQQQwnThL2Otf5JARB9Mj/9SDmEgIAyiaGEr7//vuPAQBOhDBFlad0KiYhAKDKgYQAGAYSAmAYSAiAYSAhAIaBhAAYBhICYBhICIBhICEAhoGEABgGEgJgGEgIgGEgIQCGgYQAGAYSAmAYSAiAYSAhAIaBhAAYBhICYBhICIBhICEAhoGEABgGEgJgGEgIgGEgIQCGgYQAGAYSAmAYSAiAYSAhAIaBhAAYBhICYBhICIBhICEAhoGEABgGEgJgGEgIgGEgIQCGgYQAGAYSAmAYSAiAYSAhAIaBhAAYBhICYBhICIBhICEAhoGEABgGEgJgGEgIgGEgIQCGgYQAGAYSAmAYSAiAYSAhAIaBhAAYBhICYBhICIBhICEAhoGEABgGEtpN/3PPJaKrr75aHQDsARJazEvPPUcur776qjoYWAIktJWdO3dmJCcL/QawhI0aNcrJyVFHAjYACW2lb8eOwr1ricJEl7CHN954ozoSsAFIaCWzpk4V1jUkymYJtxGlhUKiZeHCheqowPdAQvvYvn17Oh+IZrGBMtO4M2zevHlubq76BuBvIKFlFBUV9Tn7bOHb9R4DRQqJerCHw4YNU98D/A0ktIzpkycL05oQ5RSXUGQzUWrIYdmyZerbgI+BhDaxdevWtKQkIeECzUCZSdwZtm7d+sCBA+qbgV+BhNZQWFjY88wzhWM3a+5Fc4yoM3t43333qe8HfgUSWsPUJ58UdjUj2qe5580GomSihISEVatWqZMAvgQS2sGWLVtqJiYKCRdp1ukZz53hGWeckZ+fr04I+A9IaAEFBQXd2rcXXt2m+VZi8oWB7OH48ePVaQH/AQkt4OlHHxVGtSDK1XwrLavEEak4Lk1O3rBhgzo54DMgod/ZtGlTjcTEENESzbSycx93hp07dz527Jg6UeAnIKGvEf6cf9ppwqU7NcdOmANErdnDSZMmqdMFfgIS+pqJ450iSyuiPM2x8mQZkehCU1NTN2/erE4a+AZI6F82btyYkpAgTu2Wa3aVP8O4M+zRo0dhYaH6AcAfQEKfcvTo0U6tncPJEZpXFUouUXP2cNq0aepnAH8ACX3KI6NHC3PaEh3UvKpoFrKEabVqbdu2Tf0Y4AMgoR9Zv359Mh+IrtSMqlxuZA8vueQS9ZOAD4CEviM/P/+sli2FM/drLlU6OUSN2MPZs2ernwdMAwl9x5j7hX10OtFhzaWTyassYd2MjF27dqkfCYwCCf3FmjVrEkOhRKI1mkUnn6vZQzwf0W9AQh9x+PDh01u0EJ6M0fypkuwSPSF7iOcj+gpI6CPuHzFCGHIW34GtK1Qlmc0SNmrYEM9H9A+Q0C+sXLkyIRRKJlqvmVO1wfMR/QYk9AUHDx5s29y5qP6I5kyVx3k+InuI5yP6BEjoC0bceaewohPRUc2ZWCTyfMRmzfB8RD9gh4Rr165dvHjx/v371QGBYPny5eJANIVoo2ZLjBL45yOKXUXsMGK3UQf4Egsk3Lx5c93atcUek5SU1K1btzFjxgRJyLy8vFZNm4qlm6ipEtM4z0ckCtLzEaV4YvcQO0kSP5NO7DZW/HzEAgk/++wz/tYuRmCEvHPoULE45/OD0nRVYprI8xFbtbL3+Yi6eApi51Hf4z8skFDQvVs3sUKnEy3ma2jihXd92yvkkiVLQkQ1iDZphsQhlj4fsTTxknjHGMM7yXRuEbuN+mZfYoeEmZmZzjr17ED77RcyNze3RePGYp6f1vSIW2x5PmJ5xNvvWa7uPFTsNuqEfIkdEh48eLBunTpitX6m7UZha4W87ZZbiOe5QFuieCbyfMT27f32fMSKiheNPHsRO4zYbdSJ+hI7JBSM4LtJTvgLV1uEXLRokZirmkRbtEWIc/L99HzESovnjbOjiH9HjFCn7leskVCWZ+pW5EeuvhVy3759zRo2FHMyVZtnI4k8HzEpycjzEatEvGgOuvfHWlGSkVgjoaB7d+dQP1Nb7+WJr4S8+UbnR7Y9+XqdPqtGEnk+YseO8Xk+YtWK500mT0fsKupH+hibJNTLM5WLWSEXLFhAfOPYVm3GDCYOz0eMnXje2FWSkdgkoVOeycigUsozlUuchczJyWlSvz5xDV2fGbOJPB8xJaUKL3DHR7xoIiWZjAxbSjISmyQMl7s8U7nEQcjrBw4UE+xDVKR9uh8yjJe3R7duJ/N8xDiL5411JRmJZRJWojxTucRCyKysLDGFdKLt2sf5JJV+PqJB8aKxsSQjsUzC8MmVZyqXKhEyOzu7YV1nJ5mlTd9XiTwfsWbNEz4f0Q/ieZPJn25XSUZin4RVVZ6pXCot5LVXO0946atN0IeJPB+xTx91Gfwnnjc2lmQk9kkYi/JM5VJ+IefOnSvaxUzv1CbiwyjPR/SzeNFYWpKR2CdhOMblmcqlbCHrpYszQXpJe5dvE3k+Ynq6n8XzxtKSjMRKCeNWnqlcShSyvzaazyOfj+hn8aKxtyQjsVLCsInyTOUSFXK3Nsjn2eVv8bzJZANtLMlIbJXQbHkG8VXsLclIbJXQKc9wxd94eQYxm0hJpm5dG0syElslDPuyPIPEP1aXZCQWS+jz8gwSh9hekpFYLGHYnvIMEqNksoH2lmQkdkuI8kw1j+0lGYndEqI8U50TgJKMxG4JwyjPVOMEoCQjsV7CSHkmFEJ5plrFKcmEQs5BkM0lGYn1EoZRnqmWyeRu0PaSjCQIEqI8Uw0TjJKMJAgSojxT3RKYkowkCBKGUZ6pZglMSUYSEAlRnqk+CVJJRhIQCcMoz1SbZHI3GIySjCQ4EqI8U00SpJKMJDgSojxTHRKwkowkOBKGUZ6pBglYSUYSKAkj5ZmEBJRnAhmnJJOQ4BzsBKUkIwmUhGGUZwKdTO4Gg1SSkQRNwkh5JhTSNyFie7rzlYkglWQkQZMQ5ZmgJpAlGUnQJAyjPBPQBLIkIwmghJHyTGIiyjOBiVOSSUwMXklGEkAJwyjPBC6ZAS3JSIIpYaQ8k5iob07ExnTnbjB4JRlJMCVEeSZICXBJRhJMCcMozwQoAS7JSAIrYaQ8k5SE8ozVcUoy/H+zBbIkIwmshGGUZwKRzECXZCRBljBSnklO1jctYkvE5gtwSUYSZAlRnrE9gS/JSIIpYX5+/rx58y7gw1HnnF7buogVkSUZ53Cma1fRGR46dEjd0oEgaBJ+9dVXDzzwQEPuAAUZvCH/pW1dxIp8xpsvsi3FH+npI0aMCF6FJiASHjt2bP78+Zf26eNuLzqP6EX8r2mByCEuz0SOapiAdYzWS7hz586HH364acOGcvPUIhpKtE7bkEgAEtSO0VYJCwsLFy1adNUVVyTyT60FHYieI8rVthwSsASvY7RPwuzs7EmTJp3atKncADWIbiT6UNtUSOATmI7RJgnfe++9X197bQrfPyFoQ/QHoj3atkGqVQLQMVog4d69e6dOndq+ZUu5ioWC1xIt0TYGUs1jb8foawlXr1596003pfI9E4JTiB4n2qWtfQSJxsaO0Y8S5uXlPf/88x3btZMrMYHocqK3iAq0NY4gpcWijtFfEm7YsOGuYcNq16ghV1wTojFE27X1iyDljBUdoy8kPHz4sFgvXc86K7qmLiLKIjqirVMEqVz83DEalnDz5s33DR9er1YtuWrqEd1HtFlbgwhSJfFnx2hGwiNHjmRlZV103nnRddGV185hba0hSCziq44x3hJu3759zKhRTerUkQtfm+guog3aOkKQOMQnHWOcJCwoKHjrrbcuv+CCBH6SuaAj0fNEedp6iWm2s/DfaO0yG3nol1q7zL946D6iH/iPbZ5Beoue8oxzjMc5YXBrXpXHbMcYcwl37dr1+Pjxp9SrJxcvlehWotXaWohPxvI8dNXaRf7pboB6JV0LySGSXx7riV7gP/p7huotesozzn/kHJyIv2pv9EOOEj1DtF9rtyimOsYYSrhkyZJre/dOcm+wbk80lWivtuTxzHs8J8m8upVBkz2r/mNt6Bvc3pCoqCSd9BY95RknKmErXl2lxYd3Cx3jG+gFP2qDbEycO8aql3DPnj1/eOKJNo0ayQVIIfo17/36osY/+UQ1ea4+0AZdxO1X8b+PaEN/x+038t+7iFYUf2RGeQTT36UnKqF1v0I+7M55MCSUiVvHWJUSfvjhhzf261eDH5YsOJVoElG2tmxmcynP25PFG/dz99jI7SrP197VmdsztXaZ8khYnkBCfybWHWMVSJibm/vclCkdmjWTs5jI/ckiokJtYfwQedh5RfHGN7nxJr49II1P/7w/zsjlW+fIvW11I5/8vOEZoUQJV/JoU4i+L+Vdeiok4Zc8QZGtxdtz3PYv+OUG/vtj/l5/jo9KfkU0vpTqlFj8uUS/4fsEb+DTh5ziI/yDp7aO33470UCeptjWT7lzPpFH8K69Qj6JHcbrXEzzT9opSYnT9OEjEWLXMZ6UhOvWrRs6YEAt97dFTYkeJtqpzb2v8g+e1bp8dhdtvJMb5/DfV/Lf/+sZ+ja3dHBf6srpLUu5BEW8H5c2jp4KSXiUe2zBBcW/767mxq58niZeTueX93I5mvjnl/J2+GStYxff96fxIC/pxetAf+JGcbje0h0hxJU2hQ3u+Dvdgwgv9YgWn2ia24vPm69S5R1jZSQ8ePDgi9Onn3fqqe5sOMd4892t7vMUcX2Fiu/oLXnD/4f/lnvtTZ6ho7nlfvelrpPSsozPPMUEZ5Q+TompkIQiW/hxHsRdh2x5nl9meHZiuTiJPOZcLvyKQ8c/ct8e8vwYejfRz3jMi4jWcEf0JV/Cle9d7o4mhcng44V7udosus3viD7hduIJbnDrXgeITufGTnycn0f0LdE4/twaHlFLnKZ3Mf2ZEjrGLl0q1zFWWMIxQ4ZkpKTITxV78wNEX2nz5/P8mmd+pvvy3/yyk/vyS3fRot1LN26JfnnrOnlblvPuHuLHTHk/VH+XnqiETYial5I7ir9FWpfG1v3bLTu95hlBSqg0ikzgxgvcl8P5ZRfuYL2j3cvtZ7kHDlIY4qMD72glnhM+zS2ttOsWD3H7pe7L0qZpS/SOcezYsao2ZVJhCVu5534XWfur9lk8/7e4L6fyy4c8I7TilrX890E+ckv1XNXQdYq2fMAGik7mL9qH6u/SE5WwDAZq77qC2/vyA+ZIs1RK2E571w9uZ/gfFqwxj/amNtpe9/BV1nWlME200UqU8Bxu+bM2slzMEM9DGdO0K7so8v+3Cdq0aaNqUyYVlnDcuHH169eXH1YrIWEI0UfaDPk823jmW7kv+/LL6BFX2D1FfJr//jv/Hf3aDpekk2xpw3fhEZeF9euQ+rv0RCVcwj1bidG/+LK5rivpoH20lHCo9q6wewa4mI8nJSVexZUndXP4bylMH20cXcJ8t5o1kudBieyxl5U5TStSxOf/g+rXj/70vEGDBuPHj1e1KZMKSxjmXx698sorfTwP+Tw9ISFaBrQisq/bzbtsKh/OHfEMlZfmL+O/5WHbM56huk6yhfjRG034j5HaJ+rv0lPRc8Jo/uC+8X+0QVLC8Vp7mIs3xCUoebdQojaCzGU89Fn+WwrzK20cXcLdbksZZJU5TZ/nG7FvpKT8vLb84qWEhIR+/fplZWXl5+erwpyIykgY5euvvxYdYzP3ADUlFBIHS+/49eKEN7fzDM8nepf/uLL40J9Yp9pcxujFI/zTM1TXSbaIE+UF7pXGBL5E4Z2m/i49lZNwL58rSpppvZmU8CHtXWG3XrqAfzsm0e/XC7tr4Hn+WwqjHxLrEu5xW2bxR5SY78qcpj8jlnQe0cXp6SH3LuhWrVpNnDjx22+/VfUoNycloaSgoGDhwoXXXHNNknutokUoJDqQHdoC+CdZPJ9jOFS8jClzIbdv4H7yZ8UH6TopLUP5ZdviF7v0d+mpnISyznSpex/CdcWHSglv0N5VxJcfiJcxzz103KKNFuYrT4KF/HdpwugSFrjHnO9oIyspbZp+yzqie5KT67pVyZo1a958883Lly9Xfag4VSBhlN27dz/11FNt27aVc5nARzKv+fIH8j9wYUAcT/fgWdULvBO5/Xf8763FB+k6KS253CPJt5c2TomphIR/4fHT+Stvh+vVXzwjSAkbaL/VXMLtzdyyp7zk+IQ2/ZXcnuhetS9NmHxuJ/6VSbRRfincrI28hY8yznSvCZU2TZ8khw/Fz6kpv1IcunTpMnPmzJ9++kkVoLJUpYRRVqxYMXjw4JrufDcMhcQ50ufa4plNZ95lxddaa21QmEujxJeViS+veQfpOukt8hackOdCnD6OnqiE/2BnSkv0KsJ2ojo8fvRyiLxiUUe7Tkh80S96f8L3fCM4ucUnkZf5ZRrRKs/8ZBOdwe1D3JbShCly+9JPPY1/4xYqfnVEnIT35MbeJ5qm2RRyH35dUlKK+wuExo0b33///Zs2bVJ395MmJhJKfvzxxxkzZnTq1MndFs6Vzdl8DVdf5vjnQXeu7tYGhXkbNOChIa3gpOukt4Tdo8Q27kFpieMoKc8lCnIrRoXuMbO3clvk3ol+oXtmLiWU1/R/wc+MHOlWU3sVvyo4mBvFGcUgvrd2OJEsgp/DJ8lynDKEacODavEF+mjBfDg3Et8HJw4uRolTFX7ZxHP0UcY0jWQr31HQ3D3sFCdZV1555fz5848eParu4lVEDCWMsn79+rvvvjsjI0MuVe1Q6Ha+LUNf/nhGHo9RSRfHZAbx0OhF/Gh0nfSWMKsrNf5t6eMoqZCET/Lf8kDUO5GtrnJP8ksp4TV8F2uaO4XafJeFcppQxOPIC4aSuqyN98y2DGHedZeXil8bnOmKJxFfapcUf4xQGdOMZw7xZZhe7rU+Qbt27cTplTjJUnfoqiYeEkoOHTo0Z86cnj3lwYjDWXy0La/YIjFKVMIw37nyERcYyjgYKeQz0uV8dT5fG1p2RL/6NV+ciB73RrOFp/lhSdc5jWc1V8vTXf3S0tJuu+22lStXqntwzIifhFG++OKLBx98sEmTJnKZa3DtbmlJWw45+XglRLzJ5su/Z7qnfIIePXrMnj17//796i4bYwxIKBFH2G+88Ub//v0T3W+glnzaIK8dIVUVSKjkGF9uGUCU7F7oa9q06ejRo7ds2aLuo/HCmIRRvvvuu4kTJ7Zs2VKukUQ+cXpDu5MYqVwgYTRb+AcxTV33kpOTBwwYsHDhwmPHjqk7ZXwxL6GkqKho6dKlN9xwQ40aNeQ6asIFzC+0VYlUKPP5pxJjtfbqk/1ck5cXhCVnnnnmM888k52dre6FhvCLhFF++OGHZ5999izPI/F7ctlKvyUaQcrOSqLbiNLcri89Pf32229fvXq1us+ZxncSRlmzZo1YZbXTInX1DL6gt15b0QiiZDc/bqNd9FucqFevXnPmzKnEz23jg38llBw4cGD27Nndux//BXMnvtXzR23VI9U8R/nY+0q+30DSvHnzcePGbd26Vd2rfIbfJYzy+eefjxw5smGDyAXhmnyHxwptSyDVMJv44SPR2wxSUlKuu+66d955p7CwUN2NfIk1EkqOHDny2muvXXbZZQnu5Z22fOyxW9swSODzE9+O08V1T3DOOec8++yzOTk56n7jbyyTMMqOHTsmTJjQ4pRT5NpP4ir8wlJ+EYcELMv5xxnR3zXUzci455571q1bp+4llmCrhBJxvCGOOgYOHJjiPlygGd99+7W22ZAA5Fu+naOV614oFLr44ovnzZt3+PBhdc+wCrsljPL9999PmTLldPe/uSf+reAr2o/oEBuTzz/C7uf+Wkrw8xYtxHHQN998o+4HdhIQCaN89NFHQ4YMqZWaKrdWff4Rg/fhFIhF2cjPXIz+OCM1JWXQoEFLly4tKipSN7zNBE1CSV5e3syZM3/h/k/AI7Sti1iREa5+53bqNGPGjH379qlbOhAEU0LJwYMH69Z1Hsoqn5mJWJfP2MCMjAyxKdWtGyCCLGFmZqbYhN2Tk/Wti9iS7lxyE5tS3boBIsgSyvtsMrXtiliUTO4MxaZUt26ACKyEn33mHMvUTUryPp0BsS4HeSM65xQn8d8e+ZzASjhihHNWj5JMACLLM2KDqts4KARTQpRkghRZnhEbNKjlmWBKGCnJJCbqWxSxMfI/PApqeSaYEqIkE7BkBro8E0AJIyWZxESUZAITpzzDnWEgyzMBlBAlmUAmwOWZoEmIkkxQE+DyTNAkjJRkQiF9KyK2pzs/sil45ZmgSYiSTICTGdDyTKAkjJRkEhJQkglknPIMP9YkYOWZQEmIkkzgE8jyTHAkREmmOiSQ5ZngSBgpyWibDQlY5CNog1SeCY6EKMlUk2SyhEEqzwREwkhJJhRCSSbwccozfK0iMOWZgEiIkky1SsDKM0GQECWZ6paAlWeCICFKMtUwQSrPBEFClGSqYTJZwmCUZ6yXECWZ6pkglWeslxAlmWqbwJRn7JYQJZnqnMCUZ+yWECWZap5glGfslhAlmWqeTJbQ9vKMxRJGSjJ8jq5vHqQ6xCnPsIdWl2cslhAlGSQciPKMrRKiJIPIBKA8Y6uEKMkg0dhenrFVQltKMvuJFhONIdqlDfJ5vuPZXsyLoA/1VTJZQnvLM1ZK6POSTFS8bkTO/yfEXKWN5vMMcOc8iRfEz0LaXp6xUkIflmRKFM/Zg5OSunXrVjc9Xfw9V3uXb/M6z3xG7dpi5pP4fyaLLI5fhbS6PGOfhE5JJiODfFCSKVu8MWPGLF68eP/+/WH3DLYBUbY2ER8ml6gpL8gLL7wgZl4sglgQsTh+FjJSnrHzP9a2T0KzJZnyi6fQr29fMdpAbYI+zB28RBf26FFUVKQshZ+FtLc8Y5+E8S/JVFo8Lzt37qyTlibelaVN31f5gChEVCM5efPmzeoyFMdvQmbyp9tYnrFMwriVZKpEPIVZs2aJKTQmytE+zifJJ2rPi/n444+rc18mfhDS3vKMZRLGtCQTC/G8iKO7i3v3FhMcpH20T/IwL2+HM844cuSIOvflxqCQlpZnbJIwFiWZWIunsH379to1a4rpL9DmxHjEWk0hSkhIWLVqlTrflSXOQlpanrFJwqoqycRZPIUZM2aIz/oZ0T5txgymkKgrr4Thw4erc1xFxEdIG8szNkl4MiUZs+J5EQelvXr2FB99qzaTBjON10aLU07Jy8tT5zgGxE7ITJ6OXeUZaySsREnGP+IpfPXVV7VSU8WcvK3Ns5HsIHJuJiBauHChOq+xp2qFtLE8Y42E5SzJ+FY8halTp4q5OoWvjOtLEef051V0/fXXq3MZd6pESOvKM3ZI6JRk6tShUkoytojnpbCwsEc3Mb80VFucOOdVXlf16tbNzs5W59IolRYyUp6pU8eW8owdEuolGRvFU9iyZUtqSkqIaIm2G8Ute4ma8HqbPXu2On9+oqJC2lWesUPC7txpTLdfPIXJkyeL+T+VKE/TIz4Zwiuwd+/e+h1qvqU8Qk7nFrHbqG/2JRZIKEsyCvaK56WgoKDL+eeLxblL0yMOWcZ3qNWsWfPLL79U58wSShMyihXlGQsk3Lx5c93atSko4ils2rSpRnKykGG5JklMc4ioDe+mkyZNUufJTnQhxW5zwjtg/YAFEgrWrl0bJPEUJk6cKPaY1kQHNFVil9FsYMeOHY8dO6bOkP1IIcVuow7wJXZIGGyEBp07dhRK3KupEqN8Kg4rQqHExERbdtNgAwl9wcaNG5OTkhKIVmrCVHkKiM7jbnDkyJHqfAATQEK/MGHCBCFGOz5b082pwkxhA1u2bHngwAF1JoAJIKFfOHLkyNkdOgg9RmnaVGG2EaXx/yj27rvvqnMADAEJfcT69euTxIka0WpNnqqK84wNosGDB6ufDcwBCf3F2LFjhSRn8I/cdYVOMi+zgQ0bNtyzZ4/6wcAckNBf5Ofnn9HeecTEWE2hk8weoV9Cgpjyyy+/rH4qMAok9B2rV69OTEhIIlqviXQyGczdYN++fdXPA6aBhH5k1KhRQpiziY5oLlUu77KBaWlp27ZtUz8MmAYS+pFDhw61a9tWaDNB06kSOUDUkm/jmjJlivpJwAdAQp+ycuXKhFAomWijJlVFM5K7wfPOO6+goED9GOADIKF/uffee4U8nYmOaV6VP2uJEkOhpKSkTz/9VP0A4A8goX85cOBA65YthYcTNbXKGWFvx2TRm9Lo0aPVqQPfAAl9zfLly0OhUA2iTZpg5ckkPhBt06aNOMlUJw18AyT0O3fddZcQqQvfeK1rVka+JKqZKA5FQ8uWLVMnCvwEJPQ7eXl5p7ZoITycrGlWRoqIetcQPSgNGTJEnSLwGZDQApYsWSI6tFSiLZpspWU2H4g2adJk79696uSAz4CEdjB06FAhVQ9+Xr2unJJsonopKWL8V199VZ0Q8B+Q0A5yc3NPadZMeDVVU07P9fx47/79+6tTAb4EElrD22+/LdSqRfSVZp03C/lAND09fceOHeokgC+BhDZx6623CsF6cd1F1y/Mzy9tUUt4StOmTVPfDPwKJLSJffv2/axxY+HYDE0/meFsYNeuXQsLC9U3A78CCS1jwYIFQrPaRNs1A1cRJYRCKSkpVjzxFkSBhPYxaNAg4eHFxQ9KjxB14P/G+OGHH1bfAPwNJLSPnJycxg0bCt9meSR8nB9S3r59+/z8fPUNwN9AQivJysoSytUh2skGbiZynqUfCn3wwQfqqMD3QEJbGThwoPCwH1++v5A7xjvuuEMdCdgAJLSV7OzsBvXrC/cu55tjmjZtmpubq44EbAASWszcuXOdC/PM66+/rg4GlgAJ7eaqq64SBg4YMEAdAOwBEgJgGEgIgGEgIQCGgYQAGAYSAmAYSAiAYSAhAIaBhAAYBhICYBhICIBhICEAhoGEABgGEgJgGEgIgGEgIQCG+X+qkGJ/z9KX8QAAAABJRU5ErkJggg==" alt="test.png" /></p>
<hr />
<h2 id="svg">SVG</h2>
<p><img src="data:image/svg+xml;base64,PD94bWwgdmVyc2lvbj0iMS4wIiBlbmNvZGluZz0iVVRGLTgiPz48c3ZnIHhtbG5zPSJodHRwOi8vd3d3LnczLm9yZy8yMDAwL3N2ZyIgeG1sbnM6eGxpbms9Imh0dHA6Ly93d3cudzMub3JnLzE5OTkveGxpbmsiIGZpbGwtb3BhY2l0eT0iMSIgY29sb3ItcmVuZGVyaW5nPSJhdXRvIiBjb2xvci1pbnRlcnBvbGF0aW9uPSJhdXRvIiB0ZXh0LXJlbmRlcmluZz0iYXV0byIgc3Ryb2tlPSJibGFjayIgc3Ryb2tlLWxpbmVjYXA9InNxdWFyZSIgd2lkdGg9IjMwMCIgc3Ryb2tlLW1pdGVybGltaXQ9IjEwIiBzaGFwZS1yZW5kZXJpbmc9ImF1dG8iIHN0cm9rZS1vcGFjaXR5PSIxIiBmaWxsPSJibGFjayIgc3Ryb2tlLWRhc2hhcnJheT0ibm9uZSIgZm9udC13ZWlnaHQ9Im5vcm1hbCIgc3Ryb2tlLXdpZHRoPSIxIiBoZWlnaHQ9IjM2MCIgZm9udC1mYW1pbHk9IidEaWFsb2cnIiBmb250LXN0eWxlPSJub3JtYWwiIHN0cm9rZS1saW5lam9pbj0ibWl0ZXIiIGZvbnQtc2l6ZT0iMTJweCIgc3Ryb2tlLWRhc2hvZmZzZXQ9IjAiIGltYWdlLXJlbmRlcmluZz0iYXV0byI+DQogIDwhLS1HZW5lcmF0ZWQgYnkgeVNWRyAyLjYtLT4NCiAgPGRlZnMgaWQ9ImdlbmVyaWNEZWZzIi8+DQogIDxnPg0KICAgIDxkZWZzIGlkPSJkZWZzMSI+DQogICAgICA8Y2xpcFBhdGggY2xpcFBhdGhVbml0cz0idXNlclNwYWNlT25Vc2UiIGlkPSJjbGlwUGF0aDEiPg0KICAgICAgICA8cGF0aCBkPSJNMCAwIEwzMDAgMCBMMzAwIDM2MCBMMCAzNjAgTDAgMCBaIi8+DQogICAgICA8L2NsaXBQYXRoPg0KICAgICAgPGNsaXBQYXRoIGNsaXBQYXRoVW5pdHM9InVzZXJTcGFjZU9uVXNlIiBpZD0iY2xpcFBhdGgyIj4NCiAgICAgICAgPHBhdGggZD0iTTM3MCAxMDQgTDUyMCAxMDQgTDUyMCAyODQgTDM3MCAyODQgTDM3MCAxMDQgWiIvPg0KICAgICAgPC9jbGlwUGF0aD4NCiAgICA8L2RlZnM+DQogICAgPGcgZmlsbD0id2hpdGUiIHRleHQtcmVuZGVyaW5nPSJnZW9tZXRyaWNQcmVjaXNpb24iIHNoYXBlLXJlbmRlcmluZz0iZ2VvbWV0cmljUHJlY2lzaW9uIiB0cmFuc2Zvcm09InNjYWxlKDIsMikgdHJhbnNsYXRlKC0zNzAsLTEwNCkiIHN0cm9rZT0id2hpdGUiPg0KICAgICAgPHJlY3QgeD0iMzcwIiB3aWR0aD0iMTUwIiBoZWlnaHQ9IjE4MCIgeT0iMTA0IiBjbGlwLXBhdGg9InVybCgjY2xpcFBhdGgyKSIgc3Ryb2tlPSJub25lIi8+DQogICAgPC9nPg0KICAgIDxnIGZpbGw9InJnYigyNTUsMjA0LDApIiB0ZXh0LXJlbmRlcmluZz0iZ2VvbWV0cmljUHJlY2lzaW9uIiBzaGFwZS1yZW5kZXJpbmc9Imdlb21ldHJpY1ByZWNpc2lvbiIgdHJhbnNmb3JtPSJtYXRyaXgoMiwwLDAsMiwtNzQwLC0yMDgpIiBzdHJva2U9InJnYigyNTUsMjA0LDApIj4NCiAgICAgIDxyZWN0IHg9IjM3OCIgd2lkdGg9IjEzNCIgaGVpZ2h0PSIzMCIgeT0iMTEyIiBjbGlwLXBhdGg9InVybCgjY2xpcFBhdGgyKSIgc3Ryb2tlPSJub25lIi8+DQogICAgPC9nPg0KICAgIDxnIHRleHQtcmVuZGVyaW5nPSJnZW9tZXRyaWNQcmVjaXNpb24iIHN0cm9rZS1taXRlcmxpbWl0PSIxLjQ1IiBzaGFwZS1yZW5kZXJpbmc9Imdlb21ldHJpY1ByZWNpc2lvbiIgdHJhbnNmb3JtPSJtYXRyaXgoMiwwLDAsMiwtNzQwLC0yMDgpIiBzdHJva2UtbGluZWNhcD0iYnV0dCI+DQogICAgICA8cmVjdCBmaWxsPSJub25lIiB4PSIzNzgiIHdpZHRoPSIxMzQiIGhlaWdodD0iMzAiIHk9IjExMiIgY2xpcC1wYXRoPSJ1cmwoI2NsaXBQYXRoMikiLz4NCiAgICAgIDx0ZXh0IHg9IjQxOC45OTMyIiB4bWw6c3BhY2U9InByZXNlcnZlIiB5PSIxMzEuNzEzOSIgY2xpcC1wYXRoPSJ1cmwoI2NsaXBQYXRoMikiIGZvbnQtZmFtaWx5PSJzYW5zLXNlcmlmIiBzdHJva2U9Im5vbmUiPlNWRyBUZXN0PC90ZXh0Pg0KICAgIDwvZz4NCiAgICA8ZyBmaWxsPSJyZWQiIHRleHQtcmVuZGVyaW5nPSJnZW9tZXRyaWNQcmVjaXNpb24iIHNoYXBlLXJlbmRlcmluZz0iZ2VvbWV0cmljUHJlY2lzaW9uIiB0cmFuc2Zvcm09Im1hdHJpeCgyLDAsMCwyLC03NDAsLTIwOCkiIHN0cm9rZT0icmVkIj4NCiAgICAgIDxwYXRoIGQ9Ik00NDUgMjc2IEw0NjAuMzg0MSAyNTIuODI0OSBMNDkyLjM3NjEgMjYwLjc2OTMgTDQ4Mi4xMzk2IDIzNS45Mzk5IEw1MTIgMjI0IEw0ODIuMTM5NiAyMTIuMDYwMSBMNDkyLjM3NjEgMTg3LjIzMDcgTDQ2MC4zODQxIDE5NS4xNzUxIEw0NDUgMTcyIEw0MjkuNjE1OSAxOTUuMTc1MSBMMzk3LjYyMzkgMTg3LjIzMDcgTDQwNy44NjA0IDIxMi4wNjAxIEwzNzggMjI0IEw0MDcuODYwNCAyMzUuOTM5OSBMMzk3LjYyMzkgMjYwLjc2OTMgTDQyOS42MTU5IDI1Mi44MjQ5IFoiIGZpbGwtcnVsZT0iZXZlbm9kZCIgY2xpcC1wYXRoPSJ1cmwoI2NsaXBQYXRoMikiIHN0cm9rZT0ibm9uZSIvPg0KICAgIDwvZz4NCiAgICA8ZyB0ZXh0LXJlbmRlcmluZz0iZ2VvbWV0cmljUHJlY2lzaW9uIiBzdHJva2UtbWl0ZXJsaW1pdD0iMS40NSIgc2hhcGUtcmVuZGVyaW5nPSJnZW9tZXRyaWNQcmVjaXNpb24iIHRyYW5zZm9ybT0ibWF0cml4KDIsMCwwLDIsLTc0MCwtMjA4KSIgc3Ryb2tlLWxpbmVjYXA9ImJ1dHQiPg0KICAgICAgPHBhdGggZmlsbD0ibm9uZSIgZD0iTTQ0NSAyNzYgTDQ2MC4zODQxIDI1Mi44MjQ5IEw0OTIuMzc2MSAyNjAuNzY5MyBMNDgyLjEzOTYgMjM1LjkzOTkgTDUxMiAyMjQgTDQ4Mi4xMzk2IDIxMi4wNjAxIEw0OTIuMzc2MSAxODcuMjMwNyBMNDYwLjM4NDEgMTk1LjE3NTEgTDQ0NSAxNzIgTDQyOS42MTU5IDE5NS4xNzUxIEwzOTcuNjIzOSAxODcuMjMwNyBMNDA3Ljg2MDQgMjEyLjA2MDEgTDM3OCAyMjQgTDQwNy44NjA0IDIzNS45Mzk5IEwzOTcuNjIzOSAyNjAuNzY5MyBMNDI5LjYxNTkgMjUyLjgyNDkgWiIgZmlsbC1ydWxlPSJldmVub2RkIiBjbGlwLXBhdGg9InVybCgjY2xpcFBhdGgyKSIvPg0KICAgICAgPHRleHQgeD0iNDA5LjMyODEiIHhtbDpzcGFjZT0icHJlc2VydmUiIHk9IjIyOC43MTM5IiBjbGlwLXBhdGg9InVybCgjY2xpcFBhdGgyKSIgZm9udC1mYW1pbHk9InNhbnMtc2VyaWYiIHN0cm9rZT0ibm9uZSI+V2lraSBFeHBvcnRlcjwvdGV4dD4NCiAgICA8L2c+DQogIDwvZz4NCjwvc3ZnPg0K" alt="test.svg" /></p>
<footer><style></style></footer></body></html>