<!DOCTYPE html><html><head><meta http-equiv=Content-Type content="text/html; charset=utf-8"></head><body><a id="links">&nbsp;</a><ol>
<li><a href="/Target#Target-1">#Target-1</a></li>
<li>
<ol>
<li><a href="/Target#Target-1-Target-2">#Target-1-Target-2</a></li>
</ol>
</li>
<li>
<ol>
<li>
<ol>
<li><a href="/Target#Target-1-Target-2-Target-3">#Target-1-Target-2-Target-3</a></li>
</ol>
</li>
</ol>
</li>
</ol>
<a id="target">&nbsp;</a><h2 id="target-1">Target 1</h2>
<p>Lorem ipsum dolor sit amet, consectetur adipiscing elit. Cras non est semper, dignissim dolor id, dapibus ex. Mauris vestibulum fringilla consectetur. In hac habitasse platea dictumst. Nullam varius aliquet consequat. Cras eget mauris imperdiet, sagittis ex a, rhoncus ex. Curabitur sollicitudin, velit sed dapibus ullamcorper, massa nulla faucibus erat, sit amet dapibus augue diam vitae mauris. Donec purus eros, dignissim vehicula turpis nec, eleifend rhoncus neque. Donec nec pellentesque elit. Integer purus arcu, bibendum ac lobortis id, consequat ut turpis. Nunc pellentesque sapien mi, sed porttitor elit sagittis nec. Nullam viverra cursus enim non sollicitudin. Aenean suscipit vulputate dui, vel consequat nisl consectetur sed. Aliquam commodo pellentesque est, eget euismod nulla venenatis in. Phasellus vestibulum at justo eget pharetra. Pellentesque enim erat, dignissim a auctor nec, ullamcorper quis odio. Mauris aliquam sit amet magna ut suscipit.</p>
<p>Maecenas vitae ligula in nibh accumsan venenatis. Maecenas sagittis eu ligula id eleifend. Integer euismod sollicitudin pretium. Cras non nulla ut nunc ullamcorper fermentum ut sit amet nulla. Nullam et varius ligula. Mauris et dapibus massa. Integer varius volutpat libero, a malesuada nisl. Nulla at dui justo.</p>
<p>In a consequat nunc, eu blandit odio. Etiam cursus pellentesque magna, vitae eleifend nisi. Ut quis tortor a nisl congue rutrum. Vestibulum venenatis massa metus, id sollicitudin enim hendrerit et. Donec sed leo luctus, rhoncus massa ac, finibus justo. Phasellus sagittis dui id lectus iaculis tempus. Duis non lorem non arcu accumsan iaculis. Nunc nisi orci, dapibus et vehicula a, maximus eu massa. Nunc justo sem, tempor id ex vel, venenatis pulvinar tellus. Nunc a tortor posuere, convallis mauris ut, suscipit purus.</p>
<p>Mauris ut auctor metus. Integer quis ex nulla. Donec malesuada, sapien condimentum rutrum mattis, leo est aliquam tellus, id rhoncus eros nunc nec diam. Pellentesque dapibus pharetra rutrum. Quisque eu magna vitae turpis rhoncus consectetur ut non felis. Proin maximus ultrices odio, ut vestibulum dui mollis et. Sed eu tempus mauris. Sed fringilla ante tristique erat sollicitudin suscipit vitae eu turpis. Class aptent taciti sociosqu ad litora torquent per conubia nostra, per inceptos himenaeos.</p>
<p>Etiam at accumsan enim. Phasellus et lectus molestie, varius lectus nec, porta ex. Aliquam iaculis orci ut nibh semper fringilla. Pellentesque blandit enim in elit suscipit blandit. Curabitur mauris felis, fermentum in justo in, blandit gravida enim. Maecenas vitae tincidunt arcu. Nulla facilisi. Pellentesque habitant morbi tristique senectus et netus et malesuada fames ac turpis egestas. Suspendisse lobortis facilisis pretium. Nulla et porttitor urna, non semper nibh. Nam vel sem vel sapien tristique commodo.</p>
<h3 id="target-2">Target 2</h3>
<p>Lorem ipsum dolor sit amet, consectetur adipiscing elit. Cras non est semper, dignissim dolor id, dapibus ex. Mauris vestibulum fringilla consectetur. In hac habitasse platea dictumst. Nullam varius aliquet consequat. Cras eget mauris imperdiet, sagittis ex a, rhoncus ex. Curabitur sollicitudin, velit sed dapibus ullamcorper, massa nulla faucibus erat, sit amet dapibus augue diam vitae mauris. Donec purus eros, dignissim vehicula turpis nec, eleifend rhoncus neque. Donec nec pellentesque elit. Integer purus arcu, bibendum ac lobortis id, consequat ut turpis. Nunc pellentesque sapien mi, sed porttitor elit sagittis nec. Nullam viverra cursus enim non sollicitudin. Aenean suscipit vulputate dui, vel consequat nisl consectetur sed. Aliquam commodo pellentesque est, eget euismod nulla venenatis in. Phasellus vestibulum at justo eget pharetra. Pellentesque enim erat, dignissim a auctor nec, ullamcorper quis odio. Mauris aliquam sit amet magna ut suscipit.</p>
<p>Maecenas vitae ligula in nibh accumsan venenatis. Maecenas sagittis eu ligula id eleifend. Integer euismod sollicitudin pretium. Cras non nulla ut nunc ullamcorper fermentum ut sit amet nulla. Nullam et varius ligula. Mauris et dapibus massa. Integer varius volutpat libero, a malesuada nisl. Nulla at dui justo.</p>
<p>In a consequat nunc, eu blandit odio. Etiam cursus pellentesque magna, vitae eleifend nisi. Ut quis tortor a nisl congue rutrum. Vestibulum venenatis massa metus, id sollicitudin enim hendrerit et. Donec sed leo luctus, rhoncus massa ac, finibus justo. Phasellus sagittis dui id lectus iaculis tempus. Duis non lorem non arcu accumsan iaculis. Nunc nisi orci, dapibus et vehicula a, maximus eu massa. Nunc justo sem, tempor id ex vel, venenatis pulvinar tellus. Nunc a tortor posuere, convallis mauris ut, suscipit purus.</p>
<p>Mauris ut auctor metus. Integer quis ex nulla. Donec malesuada, sapien condimentum rutrum mattis, leo est aliquam tellus, id rhoncus eros nunc nec diam. Pellentesque dapibus pharetra rutrum. Quisque eu magna vitae turpis rhoncus consectetur ut non felis. Proin maximus ultrices odio, ut vestibulum dui mollis et. Sed eu tempus mauris. Sed fringilla ante tristique erat sollicitudin suscipit vitae eu turpis. Class aptent taciti sociosqu ad litora torquent per conubia nostra, per inceptos himenaeos.</p>
<p>Etiam at accumsan enim. Phasellus et lectus molestie, varius lectus nec, porta ex. Aliquam iaculis orci ut nibh semper fringilla. Pellentesque blandit enim in elit suscipit blandit. Curabitur mauris felis, fermentum in justo in, blandit gravida enim. Maecenas vitae tincidunt arcu. Nulla facilisi. Pellentesque habitant morbi tristique senectus et netus et malesuada fames ac turpis egestas. Suspendisse lobortis facilisis pretium. Nulla et porttitor urna, non semper nibh. Nam vel sem vel sapien tristique commodo.</p>
<h4 id="target-3">Target 3</h4>
<p>Lorem ipsum dolor sit amet, consectetur adipiscing elit. Cras non est semper, dignissim dolor id, dapibus ex. Mauris vestibulum fringilla consectetur. In hac habitasse platea dictumst. Nullam varius aliquet consequat. Cras eget mauris imperdiet, sagittis ex a, rhoncus ex. Curabitur sollicitudin, velit sed dapibus ullamcorper, massa nulla faucibus erat, sit amet dapibus augue diam vitae mauris. Donec purus eros, dignissim vehicula turpis nec, eleifend rhoncus neque. Donec nec pellentesque elit. Integer purus arcu, bibendum ac lobortis id, consequat ut turpis. Nunc pellentesque sapien mi, sed porttitor elit sagittis nec. Nullam viverra cursus enim non sollicitudin. Aenean suscipit vulputate dui, vel consequat nisl consectetur sed. Aliquam commodo pellentesque est, eget euismod nulla venenatis in. Phasellus vestibulum at justo eget pharetra. Pellentesque enim erat, dignissim a auctor nec, ullamcorper quis odio. Mauris aliquam sit amet magna ut suscipit.</p>
<p>Maecenas vitae ligula in nibh accumsan venenatis. Maecenas sagittis eu ligula id eleifend. Integer euismod sollicitudin pretium. Cras non nulla ut nunc ullamcorper fermentum ut sit amet nulla. Nullam et varius ligula. Mauris et dapibus massa. Integer varius volutpat libero, a malesuada nisl. Nulla at dui justo.</p>
<p>In a consequat nunc, eu blandit odio. Etiam cursus pellentesque magna, vitae eleifend nisi. Ut quis tortor a nisl congue rutrum. Vestibulum venenatis massa metus, id sollicitudin enim hendrerit et. Donec sed leo luctus, rhoncus massa ac, finibus justo. Phasellus sagittis dui id lectus iaculis tempus. Duis non lorem non arcu accumsan iaculis. Nunc nisi orci, dapibus et vehicula a, maximus eu massa. Nunc justo sem, tempor id ex vel, venenatis pulvinar tellus. Nunc a tortor posuere, convallis mauris ut, suscipit purus.</p>
<p>Mauris ut auctor metus. Integer quis ex nulla. Donec malesuada, sapien condimentum rutrum mattis, leo est aliquam tellus, id rhoncus eros nunc nec diam. Pellentesque dapibus pharetra rutrum. Quisque eu magna vitae turpis rhoncus consectetur ut non felis. Proin maximus ultrices odio, ut vestibulum dui mollis et. Sed eu tempus mauris. Sed fringilla ante tristique erat sollicitudin suscipit vitae eu turpis. Class aptent taciti sociosqu ad litora torquent per conubia nostra, per inceptos himenaeos.</p>
<p>Etiam at accumsan enim. Phasellus et lectus molestie, varius lectus nec, porta ex. Aliquam iaculis orci ut nibh semper fringilla. Pellentesque blandit enim in elit suscipit blandit. Curabitur mauris felis, fermentum in justo in, blandit gravida enim. Maecenas vitae tincidunt arcu. Nulla facilisi. Pellentesque habitant morbi tristique senectus et netus et malesuada fames ac turpis egestas. Suspendisse lobortis facilisis pretium. Nulla et porttitor urna, non semper nibh. Nam vel sem vel sapien tristique commodo.</p>
<footer><style></style></footer></body></html>