<!DOCTYPE html><html><head><meta http-equiv=Content-Type content="text/html; charset=utf-8"></head><body><a id="mentioned-section">&nbsp;</a><p>Mentioned Section root</p>
<a id="mentioned-sectionin-mentioned-section">&nbsp;</a><p>Page in Mentioned Section
<img src="data:image/.png;base64,iVBORw0KGgoAAAANSUhEUgAAAeAAAAHgCAYAAAB91L6VAAAABmJLR0QA/wD/AP+gvaeTAAAM7UlEQVR4nO3cPZIkVxUF4CsF7IGFYOBj4bMBOVgErkyuvNESwNIyMLAAQwuBCJYgAmMwJoep+enu6nqZeV5mfl/EiQp5WXmf3glV31AVAAAAAAAAAAAAAAAAAAAAAAAAAAAAAAAAAAAAAAAAAAAAAAAAAAAAAAAAAAAAAAAAAAAAAAAAAAAAAAAAAAAAAAAAAAAAAAAAAAAAAAAAAAAAAAAAAAAAAAAAAAAAAAAAAAAAAAAAAAAAAAAAAAAAAAAAAAAAAAAAAAAAAAAAAAAAAAAAAAAAAAAAAAAAAAAAAAAAAAAAAAAAAAAAAAAAAAAAAAAAAAAAAAAAAAAAAAAAAAAAAAAAAADAfL5KP8Ad3qYfAIBDmrrjvk4/AABckQIGgAAFDAABChgAAhQwAAQoYAAIUMAAEKCAASBAAQNAgAIGgAAFDAABChgAAhQwAAQoYAAIUMAAEKCAASBAAQNAgAIGgAAFDAABChgAAhQwAAQoYAAIUMAAEKCAASBAAQNAgAIGgAAFDAABChgAAhQwAAQoYAAIUMAAEKCAASBAAQNAgAIGgAAFDAABChgAAhQwAAQoYAAIUMAAEKCAASBAAQNAgAIGgAAFDAABChgAAhQwAAQoYAAIUMAAEKCAASBAAQNAgAIGgAAFDAABChgAAhQwAAQoYAAIUMAAEKCAASBAAQNAgAIGgAAFDAABChgAAhQwAAQoYAAIUMAAEKCAASBAAQNAgAIGgAAFDAABChgAAhQwAAQoYAAIUMAAEKCAASBAAQNAgAIGgAAFDAABChgAAhQwAAQoYAAIUMAAEKCAASBAAQNAgAIGgAAFDAABChgAAhQwAAQoYAAIUMAAEKCAASBAAQNAgAIGgAAFDAABChgAAhQwAAQoYAAIUMAAEKCAASBAAQNAgAIGgAAFDAABChgAAhQwAAQoYAAIUMAAEKCAASBAAQNAgAIGgAAFDAABChgAAhQwAAQoYAAIUMAAEKCAASBAAQNAgAIGgAAFDAABChgAAhQwAAQoYAAIUMAAEKCAASBAAQNAgAIGgAAFDAABChgAAhQwAAQoYAAIUMAAEKCAASBAAQNAgAIGgAAFDAABChgAAhQwAAQoYAAIUMAAEKCAASBAAQNAgAIGgAAFDAABChi+7Meq+k1VfZ9+EOCcfpZ+AJjMX6vqu6r6x/LPf6mqn6rqj7EnAk5JAcM7nxbvrV4+lTCwGgXM1T1XvLd6+VTCwCoUMFd1b/He6uVTCQPDFDBX80jx3urlUwkDQxQwVzFavLd6+VTCwMMUMGe3ZvHe6uVTCQMPUcCc1VbFe6uXTyUMvJoC5mz2KN5bvXwqYeBVFDBnsXfx3urlUwkDd1PAHF2yeG/18qmEgbsoYI5qluK91cunEgZepIA5mhmL91Yvn0oYeJYC5ihmL95bvXwqYeBJCpjZHal4b/XyqYSBL1LAzOqoxXurl08lDHxGATObMxTvrV4+lTDwEQXMLM5WvLd6+VTCwP8pYNLOXLy3evlUwkBVVX2VfoA7vE0/AJv5oaq+ST/Ezt5U1bfph4CLmLrjpn64hQI+p79X1a+r6r/pBwno8l/CsIepO27qh1so4PP5V1X9sqr+nX6QoC4lDFubuuO+Tj8Al/OfqvptXbt8q94V8HfphwByFDB7+0NV/Zh+iEl0KWG4LAXMnv68hA+6lDBc0tS/jy/8Dfgcrrx0dY8ufxOGtU3dcVM/3EIBH5+lq/t0KWFY09Qd5ydotmbp6n5dfo6Gy1DAbM3S1et0KWG4BAXMlixdPaZLCcPpTf37+MLfgI/J0tW4Ln8ThhFTd9zUD7dQwMdj6Wo9XUoYHjV1x/kJmrVZulpXl5+j4ZQUMGuzdLW+LiUMp6OAWZOlq+10KWE4lal/H1/4G/AxWLraR5e/CcO9pu64qR9uoYDnZ+lqX11KGO4xdcf5CZpRlq721+XnaDg8BcwoS1cZXUoYDm3q/zxf+Al6Xj9U1Tfph7i4N1X1bfohDur75dP7O68jdNzU3sqU+VtV/fyZubGfrvx5OFra+7tEGJQeoHyef1bVL54bGrvryp+Lo6S9v8uEQekBysf5qap+9ezESOnKn4/Z097fpcKg9ADl4/zu+XER1pU/I7Omvb/LhUHpAcqH/OmFWTGHrvxZmS3t/V0yDEoPUN7F0tWxdOXPzCxp7++yYVB6gGLp6qi68mcnnfb+Lh0GpQd49Vi6Orau/BlKpYff3rXf3xnCoPQArx5LV8fXlT9He6dXeG/v9QTfRx4Lg9IDvHIsXZ1HV/487ZVe5Y19rCf4XvL6MCg9wKvG0tX5dOXP1dbpld7Vl/QE309eFwalB3jFWLo6r678+doqvdpbeloHvpc8HgalB3i1WLo6v678OVs7veL7eUlv8PyyTRiUHuDVYunqGrryZ22t9Kpv5j79wHPK/mFQeoBXiqWra+nKn7nR9Mrv5DX6C88jc4VB6QFeJZaurqkrf/YeTa/+Nl6vK/8e5OkwKD3AK8TS1bV15c/ga9MbvIdHdeXfh3w5DEoP8OyxdEXVsUqkN3kDY7ry70U+D4PSAzx7LF3xXlf+PL6U3ui7r6Er/37k4zAoPcAzx9IVn+rKn8un0pt96/V05d+TfAiD0gM8ayxd8ZSu/Pn8NL3h911bV/59ybswKD3AM8bSFS/pyp/T9+lNv+k2uvLvTRiWHuDZYumKe3Xlz2tv/B231JV/f1cPg9IDPFssXfEaXbmz2pt/u+115f+dv3IYlB7gmWLpikd07X9We4fvtZeu/L/7Vw2D0gM8SyxdMaJrv7Pau3yjfXXl74ArhkHpAZ4hlq5YQ9f2Z7V3+i4JXfm74GphUHqAR4+lK9bUtd1Z7d2+RU5X/k64UhiUHuDRY+mKtXWtf057x+dP68rfC1cJg9IDPHIsXbGVrvXOae/65HPoyt8PVwiD0gM8aixdsbWu8XPaOz/zTLry98TZw6D0AI8YS1fspevxc9q7P+18uvL3xZnDoPQAjxZLV+yt6/XntAPPOauu/L1x1jAoPcCjxdIVCV33n9GOPOHcuvJ3xxnDoPQAjxRLVyR1vXxGO/RsR9CVv0POFgalB3iUWLpiBl1Pn9GOPdVxdOXvkjOFQekBHiGWrphJ1+dntIPPczRd+TvlLGFQeoCzx9IVM+r6cEY7+iTH1JW/W84QBqUHOHt+//irhU29WcJj3lT+fjl6GJQe4MyxdAXn1pW/Z44cBqUHOGssXcE1dOXvm6OGQekBzhhLV3AtXfl754hhUHqAs8XSFVxTV/7+OVoYlB7gbPF/uoLr6srfQUcKg9IDnCmWroCu/F10lDAoPcBZYukKeK8rfycdIQxKD3CGWLoCPtWVv5tmD4PSA0zH0hXwlK78HTVzGJQeYDqWroDndOXvqVnDoPQAk7F0BdyjK39fzRgGpQeYiqUr4DW68vfWbGFQeoCJWLoCHtGVv79mCoPSA9w7lq6AEV35e2yWMCg9wL1j6QoY1ZW/y2YIg9ID3DOWroC1dOXvtHQYlB7gXrF0BaytK3+3KeADSw9wj1i6ArbSlb/jFPBBpQe4dSxdAVvryt91CviA0gPcOpaugD105e87BXww6QFuGUtXwJ668veeAj6Q9AC3iqUrIKErf/8p4INID3CLWLoCkrry96ACPoD0ANeOpStgBl35+1ABTy49wLVj6QqYRVf+TlTAE0sPcM1YugJm05W/GxXwpNIDXCuWroBZdeXvSAU8ofQA14ilK2B2Xfm7UgFPJj3A0Vi6Ao6iK39nKuCJpAc4GktXwJF05e9NBTyJ9ABHYukKOKKu/P2pgCeQHuCjsXQFHFlX/h5VwGHpAT4SS1fAGXTl71MFHJQe4Gtj6Qo4k678vaqAQ9IDfG0sXQFn05W/WxVwQHqAr4mlK+CsuvJ3rALeWXqA98bSFXB2Xfm7VgHvKD3Ae2LpCriKrvydq4B3kh7gS7F0BVxNV/7uVcA7SA/wpVi6Aq6oK3//HrqAv0o/wB2mf4kATGnqjvs6/QAAcEUKGAACFDAABChgAAhQwAAQoIABIEABA0CAAgaAAAUMAAEKGAACFDAABChgAAhQwAAQoIABIEABA0CAAgaAAAUMAAEKGAACFDAABChgAAhQwAAQoIABIEABA0CAAgaAAAUMAAEKGAACFDAABChgAAhQwAAQoIABIEABA0CAAgaAAAUMAAEKGAACFDAABChgAAhQwAAQoIABIEABAwAAAAAAAAAAAAAAAAAAAAAAAAAAAAAAAAAAAAAAAAAAAAAAAAAAAAAAAAAAAAAAAAAAAAAAAAAAAAAAAAAAAAAAAAAAAAAAAAAAAAAAAAAAAAAAAAAAAAAAAAAAAAAAAAAAAAAAAAAAAAAAAAAAAAAAAAAAAAAAAAAAAAAAAAAAAAAAAAAAAAAAAAAAAAAAAAAAAAAAwDP+B1Uz4x/UJSsOAAAAAElFTkSuQmCC" alt="A Pic" /></p>
<a id="start-page">&nbsp;</a><p>Start page</p>
<a id="mentioned-section-no-homein-mentioned-section-no-home">&nbsp;</a><p>Page in Mentioned Section No Home</p>
<a id="unmentioned-sectionin-unmentioned-section">&nbsp;</a><p>Page in Unmentioned Section</p>
<footer><style></style></footer></body></html>