<!DOCTYPE html><html><head><meta http-equiv=Content-Type content="text/html; charset=utf-8"></head><body><a id="1">&nbsp;</a><h2 id="broken.order-file">Broken .order file</h2>
<h3 id="the-order-file-contains-an-empty-file">The order file contains an empty file</h3>
<h3 id="the-order-file-links-to-a-filefolder-that-does-not-exist">The order file links to a file/folder that does not exist</h3>
<footer><style></style></footer></body></html>