<!DOCTYPE html><html><head><meta http-equiv=Content-Type content="text/html; charset=utf-8"></head><body><a id="home">&nbsp;</a><h2 id="home">Home</h2>
<p>This is the homepage</p>
<footer><style></style></footer></body></html>